Archive member included to satisfy reference by file (symbol)

.pio\build\bluepill_f103c8\libbfc\libBluePillHal.a(BluePillHal.o)
                              .pio\build\bluepill_f103c8\test\test_bluepill\test.o (BP_inicio)
.pio\build\bluepill_f103c8\lib8b7\libUnity.a(unity.o)
                              .pio\build\bluepill_f103c8\test\test_bluepill\test.o (UnityAssertBits)
c:/users/labtel/.platformio/packages/toolchain-gccarmnoneeabi/bin/../lib/gcc/arm-none-eabi/7.2.1/../../../../arm-none-eabi/lib/thumb/v7-m\libc_nano.a(lib_a-exit.o)
                              c:/users/labtel/.platformio/packages/toolchain-gccarmnoneeabi/bin/../lib/gcc/arm-none-eabi/7.2.1/../../../../arm-none-eabi/lib/thumb/v7-m/crt0.o (exit)
c:/users/labtel/.platformio/packages/toolchain-gccarmnoneeabi/bin/../lib/gcc/arm-none-eabi/7.2.1/../../../../arm-none-eabi/lib/thumb/v7-m\libc_nano.a(lib_a-impure.o)
                              c:/users/labtel/.platformio/packages/toolchain-gccarmnoneeabi/bin/../lib/gcc/arm-none-eabi/7.2.1/../../../../arm-none-eabi/lib/thumb/v7-m\libc_nano.a(lib_a-exit.o) (_global_impure_ptr)
c:/users/labtel/.platformio/packages/toolchain-gccarmnoneeabi/bin/../lib/gcc/arm-none-eabi/7.2.1/../../../../arm-none-eabi/lib/thumb/v7-m\libc_nano.a(lib_a-init.o)
                              c:/users/labtel/.platformio/packages/toolchain-gccarmnoneeabi/bin/../lib/gcc/arm-none-eabi/7.2.1/../../../../arm-none-eabi/lib/thumb/v7-m/crt0.o (__libc_init_array)
c:/users/labtel/.platformio/packages/toolchain-gccarmnoneeabi/bin/../lib/gcc/arm-none-eabi/7.2.1/../../../../arm-none-eabi/lib/thumb/v7-m\libc_nano.a(lib_a-memset.o)
                              c:/users/labtel/.platformio/packages/toolchain-gccarmnoneeabi/bin/../lib/gcc/arm-none-eabi/7.2.1/../../../../arm-none-eabi/lib/thumb/v7-m/crt0.o (memset)
c:/users/labtel/.platformio/packages/toolchain-gccarmnoneeabi/bin/../lib/gcc/arm-none-eabi/7.2.1/../../../../arm-none-eabi/lib/thumb/v7-m\libc_nano.a(lib_a-setjmp.o)
                              .pio\build\bluepill_f103c8\lib8b7\libUnity.a(unity.o) (setjmp)
c:/users/labtel/.platformio/packages/toolchain-gccarmnoneeabi/bin/../lib/gcc/arm-none-eabi/7.2.1/thumb/v7-m\libgcc.a(_arm_addsubsf3.o)
                              .pio\build\bluepill_f103c8\lib8b7\libUnity.a(unity.o) (__aeabi_fsub)
c:/users/labtel/.platformio/packages/toolchain-gccarmnoneeabi/bin/../lib/gcc/arm-none-eabi/7.2.1/thumb/v7-m\libgcc.a(_arm_muldivsf3.o)
                              .pio\build\bluepill_f103c8\lib8b7\libUnity.a(unity.o) (__aeabi_fmul)
c:/users/labtel/.platformio/packages/toolchain-gccarmnoneeabi/bin/../lib/gcc/arm-none-eabi/7.2.1/thumb/v7-m\libgcc.a(_arm_cmpsf2.o)
                              .pio\build\bluepill_f103c8\lib8b7\libUnity.a(unity.o) (__aeabi_fcmpeq)
c:/users/labtel/.platformio/packages/toolchain-gccarmnoneeabi/bin/../lib/gcc/arm-none-eabi/7.2.1/thumb/v7-m\libgcc.a(_arm_unordsf2.o)
                              .pio\build\bluepill_f103c8\lib8b7\libUnity.a(unity.o) (__aeabi_fcmpun)
c:/users/labtel/.platformio/packages/toolchain-gccarmnoneeabi/bin/../lib/gcc/arm-none-eabi/7.2.1/thumb/v7-m\libgcc.a(_arm_fixsfsi.o)
                              .pio\build\bluepill_f103c8\lib8b7\libUnity.a(unity.o) (__aeabi_f2iz)
c:/users/labtel/.platformio/packages/toolchain-gccarmnoneeabi/bin/../lib/gcc/arm-none-eabi/7.2.1/../../../../arm-none-eabi/lib/thumb/v7-m\libnosys.a(_exit.o)
                              c:/users/labtel/.platformio/packages/toolchain-gccarmnoneeabi/bin/../lib/gcc/arm-none-eabi/7.2.1/../../../../arm-none-eabi/lib/thumb/v7-m\libc_nano.a(lib_a-exit.o) (_exit)

Allocating common symbols
Common symbol       size              file

Unity               0x84              .pio\build\bluepill_f103c8\lib8b7\libUnity.a(unity.o)

Discarded input sections

 .text          0x00000000        0x0 c:/users/labtel/.platformio/packages/toolchain-gccarmnoneeabi/bin/../lib/gcc/arm-none-eabi/7.2.1/thumb/v7-m/crti.o
 .data          0x00000000        0x0 c:/users/labtel/.platformio/packages/toolchain-gccarmnoneeabi/bin/../lib/gcc/arm-none-eabi/7.2.1/thumb/v7-m/crti.o
 .bss           0x00000000        0x0 c:/users/labtel/.platformio/packages/toolchain-gccarmnoneeabi/bin/../lib/gcc/arm-none-eabi/7.2.1/thumb/v7-m/crti.o
 .data          0x00000000        0x4 c:/users/labtel/.platformio/packages/toolchain-gccarmnoneeabi/bin/../lib/gcc/arm-none-eabi/7.2.1/thumb/v7-m/crtbegin.o
 .text          0x00000000       0x74 c:/users/labtel/.platformio/packages/toolchain-gccarmnoneeabi/bin/../lib/gcc/arm-none-eabi/7.2.1/../../../../arm-none-eabi/lib/thumb/v7-m/crt0.o
 .data          0x00000000        0x0 c:/users/labtel/.platformio/packages/toolchain-gccarmnoneeabi/bin/../lib/gcc/arm-none-eabi/7.2.1/../../../../arm-none-eabi/lib/thumb/v7-m/crt0.o
 .bss           0x00000000        0x0 c:/users/labtel/.platformio/packages/toolchain-gccarmnoneeabi/bin/../lib/gcc/arm-none-eabi/7.2.1/../../../../arm-none-eabi/lib/thumb/v7-m/crt0.o
 .ARM.extab     0x00000000        0x0 c:/users/labtel/.platformio/packages/toolchain-gccarmnoneeabi/bin/../lib/gcc/arm-none-eabi/7.2.1/../../../../arm-none-eabi/lib/thumb/v7-m/crt0.o
 .ARM.exidx     0x00000000        0x8 c:/users/labtel/.platformio/packages/toolchain-gccarmnoneeabi/bin/../lib/gcc/arm-none-eabi/7.2.1/../../../../arm-none-eabi/lib/thumb/v7-m/crt0.o
 .ARM.attributes
                0x00000000       0x1b c:/users/labtel/.platformio/packages/toolchain-gccarmnoneeabi/bin/../lib/gcc/arm-none-eabi/7.2.1/../../../../arm-none-eabi/lib/thumb/v7-m/crt0.o
 .text          0x00000000       0x14 .pio\build\bluepill_f103c8\FrameworkCMSIS\gcc\startup_stm32f103xb.o
 .data          0x00000000        0x0 .pio\build\bluepill_f103c8\FrameworkCMSIS\gcc\startup_stm32f103xb.o
 .bss           0x00000000        0x0 .pio\build\bluepill_f103c8\FrameworkCMSIS\gcc\startup_stm32f103xb.o
 .text          0x00000000        0x0 .pio\build\bluepill_f103c8\FrameworkCMSIS\system_stm32f1xx.o
 .data          0x00000000        0x0 .pio\build\bluepill_f103c8\FrameworkCMSIS\system_stm32f1xx.o
 .bss           0x00000000        0x0 .pio\build\bluepill_f103c8\FrameworkCMSIS\system_stm32f1xx.o
 .rodata.APBPrescTable
                0x00000000        0x8 .pio\build\bluepill_f103c8\FrameworkCMSIS\system_stm32f1xx.o
 .text          0x00000000        0x0 .pio\build\bluepill_f103c8\test\test_bluepill\test.o
 .data          0x00000000        0x0 .pio\build\bluepill_f103c8\test\test_bluepill\test.o
 .bss           0x00000000        0x0 .pio\build\bluepill_f103c8\test\test_bluepill\test.o
 .text          0x00000000        0x0 .pio\build\bluepill_f103c8\test\test_luz_escalera.o
 .data          0x00000000        0x0 .pio\build\bluepill_f103c8\test\test_luz_escalera.o
 .bss           0x00000000        0x0 .pio\build\bluepill_f103c8\test\test_luz_escalera.o
 .text.test_inicializacion
                0x00000000       0x10 .pio\build\bluepill_f103c8\test\test_luz_escalera.o
 .rodata.test_inicializacion.str1.1
                0x00000000        0xc .pio\build\bluepill_f103c8\test\test_luz_escalera.o
 .debug_info    0x00000000      0xa5f .pio\build\bluepill_f103c8\test\test_luz_escalera.o
 .debug_abbrev  0x00000000      0x1ea .pio\build\bluepill_f103c8\test\test_luz_escalera.o
 .debug_aranges
                0x00000000       0x20 .pio\build\bluepill_f103c8\test\test_luz_escalera.o
 .debug_ranges  0x00000000       0x10 .pio\build\bluepill_f103c8\test\test_luz_escalera.o
 .debug_line    0x00000000      0x230 .pio\build\bluepill_f103c8\test\test_luz_escalera.o
 .debug_str     0x00000000      0x722 .pio\build\bluepill_f103c8\test\test_luz_escalera.o
 .comment       0x00000000       0x7f .pio\build\bluepill_f103c8\test\test_luz_escalera.o
 .debug_frame   0x00000000       0x28 .pio\build\bluepill_f103c8\test\test_luz_escalera.o
 .ARM.attributes
                0x00000000       0x33 .pio\build\bluepill_f103c8\test\test_luz_escalera.o
 .text          0x00000000        0x0 .pio\build\bluepill_f103c8\test\unity_config.o
 .data          0x00000000        0x0 .pio\build\bluepill_f103c8\test\unity_config.o
 .bss           0x00000000        0x0 .pio\build\bluepill_f103c8\test\unity_config.o
 .text          0x00000000        0x0 .pio\build\bluepill_f103c8\libbfc\libBluePillHal.a(BluePillHal.o)
 .data          0x00000000        0x0 .pio\build\bluepill_f103c8\libbfc\libBluePillHal.a(BluePillHal.o)
 .bss           0x00000000        0x0 .pio\build\bluepill_f103c8\libbfc\libBluePillHal.a(BluePillHal.o)
 .text.BP_Pin_read
                0x00000000       0x20 .pio\build\bluepill_f103c8\libbfc\libBluePillHal.a(BluePillHal.o)
 .text.BP_Pin_set
                0x00000000       0x20 .pio\build\bluepill_f103c8\libbfc\libBluePillHal.a(BluePillHal.o)
 .text          0x00000000        0x0 .pio\build\bluepill_f103c8\lib8b7\libUnity.a(unity.o)
 .data          0x00000000        0x0 .pio\build\bluepill_f103c8\lib8b7\libUnity.a(unity.o)
 .bss           0x00000000        0x0 .pio\build\bluepill_f103c8\lib8b7\libUnity.a(unity.o)
 .text.UnityFloatsWithin
                0x00000000       0xe8 .pio\build\bluepill_f103c8\lib8b7\libUnity.a(unity.o)
 .text.UnityIsOneArrayNull
                0x00000000       0x38 .pio\build\bluepill_f103c8\lib8b7\libUnity.a(unity.o)
 .text.UnityPrintExpectedAndActualStrings
                0x00000000       0x5c .pio\build\bluepill_f103c8\lib8b7\libUnity.a(unity.o)
 .text.UnityPrintLen
                0x00000000       0x58 .pio\build\bluepill_f103c8\lib8b7\libUnity.a(unity.o)
 .text.UnityPrintNumberByStyle
                0x00000000       0x8c .pio\build\bluepill_f103c8\lib8b7\libUnity.a(unity.o)
 .text.UnityPrintFloat
                0x00000000      0x298 .pio\build\bluepill_f103c8\lib8b7\libUnity.a(unity.o)
 .text.UnityAssertEqualNumber
                0x00000000       0x70 .pio\build\bluepill_f103c8\lib8b7\libUnity.a(unity.o)
 .text.UnityAssertGreaterOrLessOrEqualNumber
                0x00000000       0xdc .pio\build\bluepill_f103c8\lib8b7\libUnity.a(unity.o)
 .text.UnityAssertEqualIntArray
                0x00000000      0x124 .pio\build\bluepill_f103c8\lib8b7\libUnity.a(unity.o)
 .text.UnityAssertEqualFloatArray
                0x00000000       0xf0 .pio\build\bluepill_f103c8\lib8b7\libUnity.a(unity.o)
 .text.UnityAssertFloatsWithin
                0x00000000       0x68 .pio\build\bluepill_f103c8\lib8b7\libUnity.a(unity.o)
 .text.UnityAssertFloatSpecial
                0x00000000      0x13c .pio\build\bluepill_f103c8\lib8b7\libUnity.a(unity.o)
 .text.UnityAssertNumbersWithin
                0x00000000       0xac .pio\build\bluepill_f103c8\lib8b7\libUnity.a(unity.o)
 .text.UnityAssertNumbersArrayWithin
                0x00000000      0x15c .pio\build\bluepill_f103c8\lib8b7\libUnity.a(unity.o)
 .text.UnityAssertEqualString
                0x00000000       0x70 .pio\build\bluepill_f103c8\lib8b7\libUnity.a(unity.o)
 .text.UnityAssertEqualStringLen
                0x00000000       0xc4 .pio\build\bluepill_f103c8\lib8b7\libUnity.a(unity.o)
 .text.UnityAssertEqualStringArray
                0x00000000       0xf0 .pio\build\bluepill_f103c8\lib8b7\libUnity.a(unity.o)
 .text.UnityAssertEqualMemory
                0x00000000      0x124 .pio\build\bluepill_f103c8\lib8b7\libUnity.a(unity.o)
 .text.UnityNumToPtr
                0x00000000       0x1c .pio\build\bluepill_f103c8\lib8b7\libUnity.a(unity.o)
 .text.UnityFloatToPtr
                0x00000000        0xc .pio\build\bluepill_f103c8\lib8b7\libUnity.a(unity.o)
 .text.UnityFail
                0x00000000       0x84 .pio\build\bluepill_f103c8\lib8b7\libUnity.a(unity.o)
 .text.UnityIgnore
                0x00000000       0x4c .pio\build\bluepill_f103c8\lib8b7\libUnity.a(unity.o)
 .text.UnityMessage
                0x00000000       0x38 .pio\build\bluepill_f103c8\lib8b7\libUnity.a(unity.o)
 .text.UnitySetTestFile
                0x00000000        0xc .pio\build\bluepill_f103c8\lib8b7\libUnity.a(unity.o)
 .rodata        0x00000000       0x10 .pio\build\bluepill_f103c8\lib8b7\libUnity.a(unity.o)
 .bss.UnityQuickCompare
                0x00000000        0x4 .pio\build\bluepill_f103c8\lib8b7\libUnity.a(unity.o)
 .rodata.UnityMessage.str1.1
                0x00000000        0x5 .pio\build\bluepill_f103c8\lib8b7\libUnity.a(unity.o)
 .rodata.UnityPrintFloat.str1.1
                0x00000000        0xa .pio\build\bluepill_f103c8\lib8b7\libUnity.a(unity.o)
 .rodata.UnityStrByte
                0x00000000        0x7 .pio\build\bluepill_f103c8\lib8b7\libUnity.a(unity.o)
 .rodata.UnityStrDelta
                0x00000000       0x1a .pio\build\bluepill_f103c8\lib8b7\libUnity.a(unity.o)
 .rodata.UnityStrDet
                0x00000000        0xc .pio\build\bluepill_f103c8\lib8b7\libUnity.a(unity.o)
 .rodata.UnityStrElement
                0x00000000        0xa .pio\build\bluepill_f103c8\lib8b7\libUnity.a(unity.o)
 .rodata.UnityStrErr64
                0x00000000       0x1e .pio\build\bluepill_f103c8\lib8b7\libUnity.a(unity.o)
 .rodata.UnityStrErrDouble
                0x00000000       0x20 .pio\build\bluepill_f103c8\lib8b7\libUnity.a(unity.o)
 .rodata.UnityStrErrFloat
                0x00000000       0x1e .pio\build\bluepill_f103c8\lib8b7\libUnity.a(unity.o)
 .rodata.UnityStrErrShorthand
                0x00000000       0x21 .pio\build\bluepill_f103c8\lib8b7\libUnity.a(unity.o)
 .rodata.UnityStrGt
                0x00000000       0x15 .pio\build\bluepill_f103c8\lib8b7\libUnity.a(unity.o)
 .rodata.UnityStrIgnore
                0x00000000        0x7 .pio\build\bluepill_f103c8\lib8b7\libUnity.a(unity.o)
 .rodata.UnityStrInf
                0x00000000        0x9 .pio\build\bluepill_f103c8\lib8b7\libUnity.a(unity.o)
 .rodata.UnityStrInvalidFloatTrait
                0x00000000       0x14 .pio\build\bluepill_f103c8\lib8b7\libUnity.a(unity.o)
 .rodata.UnityStrLt
                0x00000000       0x12 .pio\build\bluepill_f103c8\lib8b7\libUnity.a(unity.o)
 .rodata.UnityStrMemory
                0x00000000       0x12 .pio\build\bluepill_f103c8\lib8b7\libUnity.a(unity.o)
 .rodata.UnityStrNaN
                0x00000000        0x4 .pio\build\bluepill_f103c8\lib8b7\libUnity.a(unity.o)
 .rodata.UnityStrNegInf
                0x00000000       0x12 .pio\build\bluepill_f103c8\lib8b7\libUnity.a(unity.o)
 .rodata.UnityStrNot
                0x00000000        0x5 .pio\build\bluepill_f103c8\lib8b7\libUnity.a(unity.o)
 .rodata.UnityStrNotEqual
                0x00000000       0x15 .pio\build\bluepill_f103c8\lib8b7\libUnity.a(unity.o)
 .rodata.UnityStrNull
                0x00000000        0x5 .pio\build\bluepill_f103c8\lib8b7\libUnity.a(unity.o)
 .rodata.UnityStrNullPointerForActual
                0x00000000       0x19 .pio\build\bluepill_f103c8\lib8b7\libUnity.a(unity.o)
 .rodata.UnityStrNullPointerForExpected
                0x00000000       0x1d .pio\build\bluepill_f103c8\lib8b7\libUnity.a(unity.o)
 .rodata.UnityStrOrEqual
                0x00000000        0xd .pio\build\bluepill_f103c8\lib8b7\libUnity.a(unity.o)
 .rodata.UnityStrPointless
                0x00000000       0x37 .pio\build\bluepill_f103c8\lib8b7\libUnity.a(unity.o)
 .text          0x00000000        0x0 c:/users/labtel/.platformio/packages/toolchain-gccarmnoneeabi/bin/../lib/gcc/arm-none-eabi/7.2.1/../../../../arm-none-eabi/lib/thumb/v7-m\libc_nano.a(lib_a-exit.o)
 .data          0x00000000        0x0 c:/users/labtel/.platformio/packages/toolchain-gccarmnoneeabi/bin/../lib/gcc/arm-none-eabi/7.2.1/../../../../arm-none-eabi/lib/thumb/v7-m\libc_nano.a(lib_a-exit.o)
 .bss           0x00000000        0x0 c:/users/labtel/.platformio/packages/toolchain-gccarmnoneeabi/bin/../lib/gcc/arm-none-eabi/7.2.1/../../../../arm-none-eabi/lib/thumb/v7-m\libc_nano.a(lib_a-exit.o)
 .text.exit     0x00000000       0x28 c:/users/labtel/.platformio/packages/toolchain-gccarmnoneeabi/bin/../lib/gcc/arm-none-eabi/7.2.1/../../../../arm-none-eabi/lib/thumb/v7-m\libc_nano.a(lib_a-exit.o)
 .debug_frame   0x00000000       0x28 c:/users/labtel/.platformio/packages/toolchain-gccarmnoneeabi/bin/../lib/gcc/arm-none-eabi/7.2.1/../../../../arm-none-eabi/lib/thumb/v7-m\libc_nano.a(lib_a-exit.o)
 .ARM.attributes
                0x00000000       0x2d c:/users/labtel/.platformio/packages/toolchain-gccarmnoneeabi/bin/../lib/gcc/arm-none-eabi/7.2.1/../../../../arm-none-eabi/lib/thumb/v7-m\libc_nano.a(lib_a-exit.o)
 .text          0x00000000        0x0 c:/users/labtel/.platformio/packages/toolchain-gccarmnoneeabi/bin/../lib/gcc/arm-none-eabi/7.2.1/../../../../arm-none-eabi/lib/thumb/v7-m\libc_nano.a(lib_a-impure.o)
 .data          0x00000000        0x0 c:/users/labtel/.platformio/packages/toolchain-gccarmnoneeabi/bin/../lib/gcc/arm-none-eabi/7.2.1/../../../../arm-none-eabi/lib/thumb/v7-m\libc_nano.a(lib_a-impure.o)
 .bss           0x00000000        0x0 c:/users/labtel/.platformio/packages/toolchain-gccarmnoneeabi/bin/../lib/gcc/arm-none-eabi/7.2.1/../../../../arm-none-eabi/lib/thumb/v7-m\libc_nano.a(lib_a-impure.o)
 .data._impure_ptr
                0x00000000        0x4 c:/users/labtel/.platformio/packages/toolchain-gccarmnoneeabi/bin/../lib/gcc/arm-none-eabi/7.2.1/../../../../arm-none-eabi/lib/thumb/v7-m\libc_nano.a(lib_a-impure.o)
 .data.impure_data
                0x00000000       0x60 c:/users/labtel/.platformio/packages/toolchain-gccarmnoneeabi/bin/../lib/gcc/arm-none-eabi/7.2.1/../../../../arm-none-eabi/lib/thumb/v7-m\libc_nano.a(lib_a-impure.o)
 .rodata._global_impure_ptr
                0x00000000        0x4 c:/users/labtel/.platformio/packages/toolchain-gccarmnoneeabi/bin/../lib/gcc/arm-none-eabi/7.2.1/../../../../arm-none-eabi/lib/thumb/v7-m\libc_nano.a(lib_a-impure.o)
 .ARM.attributes
                0x00000000       0x2d c:/users/labtel/.platformio/packages/toolchain-gccarmnoneeabi/bin/../lib/gcc/arm-none-eabi/7.2.1/../../../../arm-none-eabi/lib/thumb/v7-m\libc_nano.a(lib_a-impure.o)
 .text          0x00000000        0x0 c:/users/labtel/.platformio/packages/toolchain-gccarmnoneeabi/bin/../lib/gcc/arm-none-eabi/7.2.1/../../../../arm-none-eabi/lib/thumb/v7-m\libc_nano.a(lib_a-init.o)
 .data          0x00000000        0x0 c:/users/labtel/.platformio/packages/toolchain-gccarmnoneeabi/bin/../lib/gcc/arm-none-eabi/7.2.1/../../../../arm-none-eabi/lib/thumb/v7-m\libc_nano.a(lib_a-init.o)
 .bss           0x00000000        0x0 c:/users/labtel/.platformio/packages/toolchain-gccarmnoneeabi/bin/../lib/gcc/arm-none-eabi/7.2.1/../../../../arm-none-eabi/lib/thumb/v7-m\libc_nano.a(lib_a-init.o)
 .text          0x00000000        0x0 c:/users/labtel/.platformio/packages/toolchain-gccarmnoneeabi/bin/../lib/gcc/arm-none-eabi/7.2.1/../../../../arm-none-eabi/lib/thumb/v7-m\libc_nano.a(lib_a-memset.o)
 .data          0x00000000        0x0 c:/users/labtel/.platformio/packages/toolchain-gccarmnoneeabi/bin/../lib/gcc/arm-none-eabi/7.2.1/../../../../arm-none-eabi/lib/thumb/v7-m\libc_nano.a(lib_a-memset.o)
 .bss           0x00000000        0x0 c:/users/labtel/.platformio/packages/toolchain-gccarmnoneeabi/bin/../lib/gcc/arm-none-eabi/7.2.1/../../../../arm-none-eabi/lib/thumb/v7-m\libc_nano.a(lib_a-memset.o)
 .text.memset   0x00000000       0x10 c:/users/labtel/.platformio/packages/toolchain-gccarmnoneeabi/bin/../lib/gcc/arm-none-eabi/7.2.1/../../../../arm-none-eabi/lib/thumb/v7-m\libc_nano.a(lib_a-memset.o)
 .debug_frame   0x00000000       0x20 c:/users/labtel/.platformio/packages/toolchain-gccarmnoneeabi/bin/../lib/gcc/arm-none-eabi/7.2.1/../../../../arm-none-eabi/lib/thumb/v7-m\libc_nano.a(lib_a-memset.o)
 .ARM.attributes
                0x00000000       0x2d c:/users/labtel/.platformio/packages/toolchain-gccarmnoneeabi/bin/../lib/gcc/arm-none-eabi/7.2.1/../../../../arm-none-eabi/lib/thumb/v7-m\libc_nano.a(lib_a-memset.o)
 .data          0x00000000        0x0 c:/users/labtel/.platformio/packages/toolchain-gccarmnoneeabi/bin/../lib/gcc/arm-none-eabi/7.2.1/../../../../arm-none-eabi/lib/thumb/v7-m\libc_nano.a(lib_a-setjmp.o)
 .bss           0x00000000        0x0 c:/users/labtel/.platformio/packages/toolchain-gccarmnoneeabi/bin/../lib/gcc/arm-none-eabi/7.2.1/../../../../arm-none-eabi/lib/thumb/v7-m\libc_nano.a(lib_a-setjmp.o)
 .text          0x00000000      0x21c c:/users/labtel/.platformio/packages/toolchain-gccarmnoneeabi/bin/../lib/gcc/arm-none-eabi/7.2.1/thumb/v7-m\libgcc.a(_arm_addsubsf3.o)
 .data          0x00000000        0x0 c:/users/labtel/.platformio/packages/toolchain-gccarmnoneeabi/bin/../lib/gcc/arm-none-eabi/7.2.1/thumb/v7-m\libgcc.a(_arm_addsubsf3.o)
 .bss           0x00000000        0x0 c:/users/labtel/.platformio/packages/toolchain-gccarmnoneeabi/bin/../lib/gcc/arm-none-eabi/7.2.1/thumb/v7-m\libgcc.a(_arm_addsubsf3.o)
 .debug_frame   0x00000000       0x4c c:/users/labtel/.platformio/packages/toolchain-gccarmnoneeabi/bin/../lib/gcc/arm-none-eabi/7.2.1/thumb/v7-m\libgcc.a(_arm_addsubsf3.o)
 .ARM.attributes
                0x00000000       0x1d c:/users/labtel/.platformio/packages/toolchain-gccarmnoneeabi/bin/../lib/gcc/arm-none-eabi/7.2.1/thumb/v7-m\libgcc.a(_arm_addsubsf3.o)
 .text          0x00000000      0x2a0 c:/users/labtel/.platformio/packages/toolchain-gccarmnoneeabi/bin/../lib/gcc/arm-none-eabi/7.2.1/thumb/v7-m\libgcc.a(_arm_muldivsf3.o)
 .data          0x00000000        0x0 c:/users/labtel/.platformio/packages/toolchain-gccarmnoneeabi/bin/../lib/gcc/arm-none-eabi/7.2.1/thumb/v7-m\libgcc.a(_arm_muldivsf3.o)
 .bss           0x00000000        0x0 c:/users/labtel/.platformio/packages/toolchain-gccarmnoneeabi/bin/../lib/gcc/arm-none-eabi/7.2.1/thumb/v7-m\libgcc.a(_arm_muldivsf3.o)
 .debug_frame   0x00000000       0x38 c:/users/labtel/.platformio/packages/toolchain-gccarmnoneeabi/bin/../lib/gcc/arm-none-eabi/7.2.1/thumb/v7-m\libgcc.a(_arm_muldivsf3.o)
 .ARM.attributes
                0x00000000       0x1d c:/users/labtel/.platformio/packages/toolchain-gccarmnoneeabi/bin/../lib/gcc/arm-none-eabi/7.2.1/thumb/v7-m\libgcc.a(_arm_muldivsf3.o)
 .text          0x00000000       0xec c:/users/labtel/.platformio/packages/toolchain-gccarmnoneeabi/bin/../lib/gcc/arm-none-eabi/7.2.1/thumb/v7-m\libgcc.a(_arm_cmpsf2.o)
 .data          0x00000000        0x0 c:/users/labtel/.platformio/packages/toolchain-gccarmnoneeabi/bin/../lib/gcc/arm-none-eabi/7.2.1/thumb/v7-m\libgcc.a(_arm_cmpsf2.o)
 .bss           0x00000000        0x0 c:/users/labtel/.platformio/packages/toolchain-gccarmnoneeabi/bin/../lib/gcc/arm-none-eabi/7.2.1/thumb/v7-m\libgcc.a(_arm_cmpsf2.o)
 .debug_frame   0x00000000       0xc8 c:/users/labtel/.platformio/packages/toolchain-gccarmnoneeabi/bin/../lib/gcc/arm-none-eabi/7.2.1/thumb/v7-m\libgcc.a(_arm_cmpsf2.o)
 .ARM.attributes
                0x00000000       0x1d c:/users/labtel/.platformio/packages/toolchain-gccarmnoneeabi/bin/../lib/gcc/arm-none-eabi/7.2.1/thumb/v7-m\libgcc.a(_arm_cmpsf2.o)
 .text          0x00000000       0x2c c:/users/labtel/.platformio/packages/toolchain-gccarmnoneeabi/bin/../lib/gcc/arm-none-eabi/7.2.1/thumb/v7-m\libgcc.a(_arm_unordsf2.o)
 .data          0x00000000        0x0 c:/users/labtel/.platformio/packages/toolchain-gccarmnoneeabi/bin/../lib/gcc/arm-none-eabi/7.2.1/thumb/v7-m\libgcc.a(_arm_unordsf2.o)
 .bss           0x00000000        0x0 c:/users/labtel/.platformio/packages/toolchain-gccarmnoneeabi/bin/../lib/gcc/arm-none-eabi/7.2.1/thumb/v7-m\libgcc.a(_arm_unordsf2.o)
 .debug_frame   0x00000000       0x24 c:/users/labtel/.platformio/packages/toolchain-gccarmnoneeabi/bin/../lib/gcc/arm-none-eabi/7.2.1/thumb/v7-m\libgcc.a(_arm_unordsf2.o)
 .ARM.attributes
                0x00000000       0x1d c:/users/labtel/.platformio/packages/toolchain-gccarmnoneeabi/bin/../lib/gcc/arm-none-eabi/7.2.1/thumb/v7-m\libgcc.a(_arm_unordsf2.o)
 .text          0x00000000       0x4c c:/users/labtel/.platformio/packages/toolchain-gccarmnoneeabi/bin/../lib/gcc/arm-none-eabi/7.2.1/thumb/v7-m\libgcc.a(_arm_fixsfsi.o)
 .data          0x00000000        0x0 c:/users/labtel/.platformio/packages/toolchain-gccarmnoneeabi/bin/../lib/gcc/arm-none-eabi/7.2.1/thumb/v7-m\libgcc.a(_arm_fixsfsi.o)
 .bss           0x00000000        0x0 c:/users/labtel/.platformio/packages/toolchain-gccarmnoneeabi/bin/../lib/gcc/arm-none-eabi/7.2.1/thumb/v7-m\libgcc.a(_arm_fixsfsi.o)
 .debug_frame   0x00000000       0x24 c:/users/labtel/.platformio/packages/toolchain-gccarmnoneeabi/bin/../lib/gcc/arm-none-eabi/7.2.1/thumb/v7-m\libgcc.a(_arm_fixsfsi.o)
 .ARM.attributes
                0x00000000       0x1d c:/users/labtel/.platformio/packages/toolchain-gccarmnoneeabi/bin/../lib/gcc/arm-none-eabi/7.2.1/thumb/v7-m\libgcc.a(_arm_fixsfsi.o)
 .text          0x00000000        0x0 c:/users/labtel/.platformio/packages/toolchain-gccarmnoneeabi/bin/../lib/gcc/arm-none-eabi/7.2.1/../../../../arm-none-eabi/lib/thumb/v7-m\libnosys.a(_exit.o)
 .data          0x00000000        0x0 c:/users/labtel/.platformio/packages/toolchain-gccarmnoneeabi/bin/../lib/gcc/arm-none-eabi/7.2.1/../../../../arm-none-eabi/lib/thumb/v7-m\libnosys.a(_exit.o)
 .bss           0x00000000        0x0 c:/users/labtel/.platformio/packages/toolchain-gccarmnoneeabi/bin/../lib/gcc/arm-none-eabi/7.2.1/../../../../arm-none-eabi/lib/thumb/v7-m\libnosys.a(_exit.o)
 .text._exit    0x00000000        0x4 c:/users/labtel/.platformio/packages/toolchain-gccarmnoneeabi/bin/../lib/gcc/arm-none-eabi/7.2.1/../../../../arm-none-eabi/lib/thumb/v7-m\libnosys.a(_exit.o)
 .debug_frame   0x00000000       0x20 c:/users/labtel/.platformio/packages/toolchain-gccarmnoneeabi/bin/../lib/gcc/arm-none-eabi/7.2.1/../../../../arm-none-eabi/lib/thumb/v7-m\libnosys.a(_exit.o)
 .ARM.attributes
                0x00000000       0x2d c:/users/labtel/.platformio/packages/toolchain-gccarmnoneeabi/bin/../lib/gcc/arm-none-eabi/7.2.1/../../../../arm-none-eabi/lib/thumb/v7-m\libnosys.a(_exit.o)
 .text          0x00000000        0x0 c:/users/labtel/.platformio/packages/toolchain-gccarmnoneeabi/bin/../lib/gcc/arm-none-eabi/7.2.1/thumb/v7-m/crtend.o
 .data          0x00000000        0x0 c:/users/labtel/.platformio/packages/toolchain-gccarmnoneeabi/bin/../lib/gcc/arm-none-eabi/7.2.1/thumb/v7-m/crtend.o
 .bss           0x00000000        0x0 c:/users/labtel/.platformio/packages/toolchain-gccarmnoneeabi/bin/../lib/gcc/arm-none-eabi/7.2.1/thumb/v7-m/crtend.o
 .eh_frame      0x00000000        0x4 c:/users/labtel/.platformio/packages/toolchain-gccarmnoneeabi/bin/../lib/gcc/arm-none-eabi/7.2.1/thumb/v7-m/crtend.o
 .ARM.attributes
                0x00000000       0x2d c:/users/labtel/.platformio/packages/toolchain-gccarmnoneeabi/bin/../lib/gcc/arm-none-eabi/7.2.1/thumb/v7-m/crtend.o
 .text          0x00000000        0x0 c:/users/labtel/.platformio/packages/toolchain-gccarmnoneeabi/bin/../lib/gcc/arm-none-eabi/7.2.1/thumb/v7-m/crtn.o
 .data          0x00000000        0x0 c:/users/labtel/.platformio/packages/toolchain-gccarmnoneeabi/bin/../lib/gcc/arm-none-eabi/7.2.1/thumb/v7-m/crtn.o
 .bss           0x00000000        0x0 c:/users/labtel/.platformio/packages/toolchain-gccarmnoneeabi/bin/../lib/gcc/arm-none-eabi/7.2.1/thumb/v7-m/crtn.o

Memory Configuration

Name             Origin             Length             Attributes
RAM              0x20000000         0x00005000         xrw
FLASH            0x08000000         0x00010000         xr
*default*        0x00000000         0xffffffff

Linker script and memory map

LOAD c:/users/labtel/.platformio/packages/toolchain-gccarmnoneeabi/bin/../lib/gcc/arm-none-eabi/7.2.1/thumb/v7-m/crti.o
LOAD c:/users/labtel/.platformio/packages/toolchain-gccarmnoneeabi/bin/../lib/gcc/arm-none-eabi/7.2.1/thumb/v7-m/crtbegin.o
LOAD c:/users/labtel/.platformio/packages/toolchain-gccarmnoneeabi/bin/../lib/gcc/arm-none-eabi/7.2.1/../../../../arm-none-eabi/lib/thumb/v7-m/crt0.o
LOAD .pio\build\bluepill_f103c8\FrameworkCMSIS\gcc\startup_stm32f103xb.o
LOAD .pio\build\bluepill_f103c8\FrameworkCMSIS\system_stm32f1xx.o
LOAD .pio\build\bluepill_f103c8\test\test_bluepill\test.o
LOAD .pio\build\bluepill_f103c8\test\test_luz_escalera.o
LOAD .pio\build\bluepill_f103c8\test\unity_config.o
START GROUP
LOAD .pio\build\bluepill_f103c8\libbfc\libBluePillHal.a
LOAD .pio\build\bluepill_f103c8\lib8b7\libUnity.a
LOAD c:/users/labtel/.platformio/packages/toolchain-gccarmnoneeabi/bin/../lib/gcc/arm-none-eabi/7.2.1/../../../../arm-none-eabi/lib/thumb/v7-m\libc_nano.a
LOAD c:/users/labtel/.platformio/packages/toolchain-gccarmnoneeabi/bin/../lib/gcc/arm-none-eabi/7.2.1/thumb/v7-m\libgcc.a
LOAD c:/users/labtel/.platformio/packages/toolchain-gccarmnoneeabi/bin/../lib/gcc/arm-none-eabi/7.2.1/../../../../arm-none-eabi/lib/thumb/v7-m\libm.a
LOAD c:/users/labtel/.platformio/packages/toolchain-gccarmnoneeabi/bin/../lib/gcc/arm-none-eabi/7.2.1/../../../../arm-none-eabi/lib/thumb/v7-m\libstdc++_nano.a
END GROUP
START GROUP
LOAD c:/users/labtel/.platformio/packages/toolchain-gccarmnoneeabi/bin/../lib/gcc/arm-none-eabi/7.2.1/thumb/v7-m\libgcc.a
LOAD c:/users/labtel/.platformio/packages/toolchain-gccarmnoneeabi/bin/../lib/gcc/arm-none-eabi/7.2.1/../../../../arm-none-eabi/lib/thumb/v7-m\libc_nano.a
END GROUP
START GROUP
LOAD c:/users/labtel/.platformio/packages/toolchain-gccarmnoneeabi/bin/../lib/gcc/arm-none-eabi/7.2.1/thumb/v7-m\libgcc.a
LOAD c:/users/labtel/.platformio/packages/toolchain-gccarmnoneeabi/bin/../lib/gcc/arm-none-eabi/7.2.1/../../../../arm-none-eabi/lib/thumb/v7-m\libc_nano.a
LOAD c:/users/labtel/.platformio/packages/toolchain-gccarmnoneeabi/bin/../lib/gcc/arm-none-eabi/7.2.1/../../../../arm-none-eabi/lib/thumb/v7-m\libnosys.a
END GROUP
START GROUP
LOAD c:/users/labtel/.platformio/packages/toolchain-gccarmnoneeabi/bin/../lib/gcc/arm-none-eabi/7.2.1/thumb/v7-m\libgcc.a
LOAD c:/users/labtel/.platformio/packages/toolchain-gccarmnoneeabi/bin/../lib/gcc/arm-none-eabi/7.2.1/../../../../arm-none-eabi/lib/thumb/v7-m\libc_nano.a
LOAD c:/users/labtel/.platformio/packages/toolchain-gccarmnoneeabi/bin/../lib/gcc/arm-none-eabi/7.2.1/../../../../arm-none-eabi/lib/thumb/v7-m\libnosys.a
END GROUP
LOAD c:/users/labtel/.platformio/packages/toolchain-gccarmnoneeabi/bin/../lib/gcc/arm-none-eabi/7.2.1/thumb/v7-m/crtend.o
LOAD c:/users/labtel/.platformio/packages/toolchain-gccarmnoneeabi/bin/../lib/gcc/arm-none-eabi/7.2.1/thumb/v7-m/crtn.o
                0x20005000                _estack = (ORIGIN (RAM) + LENGTH (RAM))
                0x00000200                _Min_Heap_Size = 0x200
                0x00000400                _Min_Stack_Size = 0x400

.isr_vector     0x08000000      0x10c
                0x08000000                . = ALIGN (0x4)
 *(.isr_vector)
 .isr_vector    0x08000000      0x10c .pio\build\bluepill_f103c8\FrameworkCMSIS\gcc\startup_stm32f103xb.o
                0x08000000                g_pfnVectors
                0x0800010c                . = ALIGN (0x4)

.text           0x0800010c      0x70c
                0x0800010c                . = ALIGN (0x4)
 *(.text)
 .text          0x0800010c       0x40 c:/users/labtel/.platformio/packages/toolchain-gccarmnoneeabi/bin/../lib/gcc/arm-none-eabi/7.2.1/thumb/v7-m/crtbegin.o
 .text          0x0800014c       0x1c c:/users/labtel/.platformio/packages/toolchain-gccarmnoneeabi/bin/../lib/gcc/arm-none-eabi/7.2.1/../../../../arm-none-eabi/lib/thumb/v7-m\libc_nano.a(lib_a-setjmp.o)
                0x0800014c                setjmp
                0x08000158                longjmp
 *(.text*)
 .text.Reset_Handler
                0x08000168       0x48 .pio\build\bluepill_f103c8\FrameworkCMSIS\gcc\startup_stm32f103xb.o
                0x08000168                Reset_Handler
 .text.Default_Handler
                0x080001b0        0x2 .pio\build\bluepill_f103c8\FrameworkCMSIS\gcc\startup_stm32f103xb.o
                0x080001b0                RTC_Alarm_IRQHandler
                0x080001b0                EXTI2_IRQHandler
                0x080001b0                DebugMon_Handler
                0x080001b0                TIM1_CC_IRQHandler
                0x080001b0                HardFault_Handler
                0x080001b0                PVD_IRQHandler
                0x080001b0                PendSV_Handler
                0x080001b0                NMI_Handler
                0x080001b0                EXTI3_IRQHandler
                0x080001b0                EXTI0_IRQHandler
                0x080001b0                I2C2_EV_IRQHandler
                0x080001b0                UsageFault_Handler
                0x080001b0                ADC1_2_IRQHandler
                0x080001b0                SPI1_IRQHandler
                0x080001b0                TAMPER_IRQHandler
                0x080001b0                DMA1_Channel4_IRQHandler
                0x080001b0                USART3_IRQHandler
                0x080001b0                RTC_IRQHandler
                0x080001b0                DMA1_Channel7_IRQHandler
                0x080001b0                CAN1_RX1_IRQHandler
                0x080001b0                TIM4_IRQHandler
                0x080001b0                I2C1_EV_IRQHandler
                0x080001b0                DMA1_Channel6_IRQHandler
                0x080001b0                TIM3_IRQHandler
                0x080001b0                RCC_IRQHandler
                0x080001b0                TIM1_TRG_COM_IRQHandler
                0x080001b0                DMA1_Channel1_IRQHandler
                0x080001b0                Default_Handler
                0x080001b0                EXTI15_10_IRQHandler
                0x080001b0                EXTI9_5_IRQHandler
                0x080001b0                SPI2_IRQHandler
                0x080001b0                MemManage_Handler
                0x080001b0                SVC_Handler
                0x080001b0                DMA1_Channel5_IRQHandler
                0x080001b0                EXTI4_IRQHandler
                0x080001b0                USB_LP_CAN1_RX0_IRQHandler
                0x080001b0                USB_HP_CAN1_TX_IRQHandler
                0x080001b0                DMA1_Channel3_IRQHandler
                0x080001b0                TIM1_UP_IRQHandler
                0x080001b0                WWDG_IRQHandler
                0x080001b0                TIM2_IRQHandler
                0x080001b0                TIM1_BRK_IRQHandler
                0x080001b0                EXTI1_IRQHandler
                0x080001b0                USART2_IRQHandler
                0x080001b0                I2C2_ER_IRQHandler
                0x080001b0                DMA1_Channel2_IRQHandler
                0x080001b0                CAN1_SCE_IRQHandler
                0x080001b0                FLASH_IRQHandler
                0x080001b0                BusFault_Handler
                0x080001b0                USART1_IRQHandler
                0x080001b0                I2C1_ER_IRQHandler
                0x080001b0                USBWakeUp_IRQHandler
 *fill*         0x080001b2        0x2 
 .text.SystemInit
                0x080001b4       0x4c .pio\build\bluepill_f103c8\FrameworkCMSIS\system_stm32f1xx.o
                0x080001b4                SystemInit
 .text.SystemCoreClockUpdate
                0x08000200       0x58 .pio\build\bluepill_f103c8\FrameworkCMSIS\system_stm32f1xx.o
                0x08000200                SystemCoreClockUpdate
 .text.PRUEBA_CONFIG_ENTRADA
                0x08000258       0x60 .pio\build\bluepill_f103c8\test\test_bluepill\test.o
 .text.setUp    0x080002b8        0x2 .pio\build\bluepill_f103c8\test\test_bluepill\test.o
                0x080002b8                setUp
 .text.tearDown
                0x080002ba        0x2 .pio\build\bluepill_f103c8\test\test_bluepill\test.o
                0x080002ba                tearDown
 .text.startup.main
                0x080002bc       0x34 .pio\build\bluepill_f103c8\test\test_bluepill\test.o
                0x080002bc                main
 .text.unityOutputStart
                0x080002f0       0x60 .pio\build\bluepill_f103c8\test\unity_config.o
                0x080002f0                unityOutputStart
 .text.unityOutputChar
                0x08000350       0x14 .pio\build\bluepill_f103c8\test\unity_config.o
                0x08000350                unityOutputChar
 .text.unityOutputFlush
                0x08000364       0x10 .pio\build\bluepill_f103c8\test\unity_config.o
                0x08000364                unityOutputFlush
 .text.unityOutputComplete
                0x08000374       0x20 .pio\build\bluepill_f103c8\test\unity_config.o
                0x08000374                unityOutputComplete
 .text.BP_inicio
                0x08000394       0x3c .pio\build\bluepill_f103c8\libbfc\libBluePillHal.a(BluePillHal.o)
                0x08000394                BP_inicio
 .text.BP_Pin_mode
                0x080003d0       0x7c .pio\build\bluepill_f103c8\libbfc\libBluePillHal.a(BluePillHal.o)
                0x080003d0                BP_Pin_mode
 .text.BP_delay
                0x0800044c       0x18 .pio\build\bluepill_f103c8\libbfc\libBluePillHal.a(BluePillHal.o)
                0x0800044c                BP_delay
 .text.SysTick_Handler
                0x08000464       0x10 .pio\build\bluepill_f103c8\libbfc\libBluePillHal.a(BluePillHal.o)
                0x08000464                SysTick_Handler
 .text.UnityPrintNumberUnsigned
                0x08000474       0x34 .pio\build\bluepill_f103c8\lib8b7\libUnity.a(unity.o)
                0x08000474                UnityPrintNumberUnsigned
 .text.UnityPrintNumber
                0x080004a8       0x18 .pio\build\bluepill_f103c8\lib8b7\libUnity.a(unity.o)
                0x080004a8                UnityPrintNumber
 .text.UnityPrintNumberHex
                0x080004c0       0x2e .pio\build\bluepill_f103c8\lib8b7\libUnity.a(unity.o)
                0x080004c0                UnityPrintNumberHex
 .text.UnityPrint.part.0
                0x080004ee       0x4c .pio\build\bluepill_f103c8\lib8b7\libUnity.a(unity.o)
 .text.UnityPrint
                0x0800053a        0x8 .pio\build\bluepill_f103c8\lib8b7\libUnity.a(unity.o)
                0x0800053a                UnityPrint
 *fill*         0x08000542        0x2 
 .text.UnityTestResultsBegin
                0x08000544       0x30 .pio\build\bluepill_f103c8\lib8b7\libUnity.a(unity.o)
 .text.UnityTestResultsFailBegin
                0x08000574       0x24 .pio\build\bluepill_f103c8\lib8b7\libUnity.a(unity.o)
 .text.UnityAddMsgIfSpecified
                0x08000598       0x50 .pio\build\bluepill_f103c8\lib8b7\libUnity.a(unity.o)
 .text.UnityPrintMask
                0x080005e8       0x2a .pio\build\bluepill_f103c8\lib8b7\libUnity.a(unity.o)
                0x080005e8                UnityPrintMask
 *fill*         0x08000612        0x2 
 .text.UnityConcludeTest
                0x08000614       0x48 .pio\build\bluepill_f103c8\lib8b7\libUnity.a(unity.o)
                0x08000614                UnityConcludeTest
 .text.UnityAssertBits
                0x0800065c       0x74 .pio\build\bluepill_f103c8\lib8b7\libUnity.a(unity.o)
                0x0800065c                UnityAssertBits
 .text.UnityDefaultTestRun
                0x080006d0       0x48 .pio\build\bluepill_f103c8\lib8b7\libUnity.a(unity.o)
                0x080006d0                UnityDefaultTestRun
 .text.UnityBegin
                0x08000718       0x24 .pio\build\bluepill_f103c8\lib8b7\libUnity.a(unity.o)
                0x08000718                UnityBegin
 .text.UnityEnd
                0x0800073c       0x7c .pio\build\bluepill_f103c8\lib8b7\libUnity.a(unity.o)
                0x0800073c                UnityEnd
 .text.__libc_init_array
                0x080007b8       0x48 c:/users/labtel/.platformio/packages/toolchain-gccarmnoneeabi/bin/../lib/gcc/arm-none-eabi/7.2.1/../../../../arm-none-eabi/lib/thumb/v7-m\libc_nano.a(lib_a-init.o)
                0x080007b8                __libc_init_array
 *(.glue_7)
 .glue_7        0x08000800        0x0 linker stubs
 *(.glue_7t)
 .glue_7t       0x08000800        0x0 linker stubs
 *(.eh_frame)
 .eh_frame      0x08000800        0x0 c:/users/labtel/.platformio/packages/toolchain-gccarmnoneeabi/bin/../lib/gcc/arm-none-eabi/7.2.1/thumb/v7-m/crtbegin.o
 *(.init)
 .init          0x08000800        0x4 c:/users/labtel/.platformio/packages/toolchain-gccarmnoneeabi/bin/../lib/gcc/arm-none-eabi/7.2.1/thumb/v7-m/crti.o
                0x08000800                _init
 .init          0x08000804        0x8 c:/users/labtel/.platformio/packages/toolchain-gccarmnoneeabi/bin/../lib/gcc/arm-none-eabi/7.2.1/thumb/v7-m/crtn.o
 *(.fini)
 .fini          0x0800080c        0x4 c:/users/labtel/.platformio/packages/toolchain-gccarmnoneeabi/bin/../lib/gcc/arm-none-eabi/7.2.1/thumb/v7-m/crti.o
                0x0800080c                _fini
 .fini          0x08000810        0x8 c:/users/labtel/.platformio/packages/toolchain-gccarmnoneeabi/bin/../lib/gcc/arm-none-eabi/7.2.1/thumb/v7-m/crtn.o
                0x08000818                . = ALIGN (0x4)
                0x08000818                _etext = .

.vfp11_veneer   0x08000818        0x0
 .vfp11_veneer  0x08000818        0x0 linker stubs

.v4_bx          0x08000818        0x0
 .v4_bx         0x08000818        0x0 linker stubs

.iplt           0x08000818        0x0
 .iplt          0x08000818        0x0 c:/users/labtel/.platformio/packages/toolchain-gccarmnoneeabi/bin/../lib/gcc/arm-none-eabi/7.2.1/thumb/v7-m/crtbegin.o

.rodata         0x08000818       0xbc
                0x08000818                . = ALIGN (0x4)
 *(.rodata)
 *(.rodata*)
 .rodata.AHBPrescTable
                0x08000818       0x10 .pio\build\bluepill_f103c8\FrameworkCMSIS\system_stm32f1xx.o
                0x08000818                AHBPrescTable
 .rodata.main.str1.1
                0x08000828       0x30 .pio\build\bluepill_f103c8\test\test_bluepill\test.o
 .rodata.pines  0x08000858       0x10 .pio\build\bluepill_f103c8\libbfc\libBluePillHal.a(BluePillHal.o)
 .rodata.UnityStrBreaker
                0x08000868       0x18 .pio\build\bluepill_f103c8\lib8b7\libUnity.a(unity.o)
 .rodata.UnityStrDetail1Name
                0x08000880        0xa .pio\build\bluepill_f103c8\lib8b7\libUnity.a(unity.o)
 .rodata.UnityStrDetail2Name
                0x0800088a        0xb .pio\build\bluepill_f103c8\lib8b7\libUnity.a(unity.o)
 .rodata.UnityStrExpected
                0x08000895        0xb .pio\build\bluepill_f103c8\lib8b7\libUnity.a(unity.o)
 .rodata.UnityStrFail
                0x080008a0        0x5 .pio\build\bluepill_f103c8\lib8b7\libUnity.a(unity.o)
                0x080008a0                UnityStrFail
 .rodata.UnityStrOk
                0x080008a5        0x3 .pio\build\bluepill_f103c8\lib8b7\libUnity.a(unity.o)
                0x080008a5                UnityStrOk
 .rodata.UnityStrPass
                0x080008a8        0x5 .pio\build\bluepill_f103c8\lib8b7\libUnity.a(unity.o)
                0x080008a8                UnityStrPass
 .rodata.UnityStrResultsFailures
                0x080008ad        0xb .pio\build\bluepill_f103c8\lib8b7\libUnity.a(unity.o)
 .rodata.UnityStrResultsIgnored
                0x080008b8        0xa .pio\build\bluepill_f103c8\lib8b7\libUnity.a(unity.o)
 .rodata.UnityStrResultsTests
                0x080008c2        0x8 .pio\build\bluepill_f103c8\lib8b7\libUnity.a(unity.o)
 .rodata.UnityStrSpacer
                0x080008ca        0x3 .pio\build\bluepill_f103c8\lib8b7\libUnity.a(unity.o)
 .rodata.UnityStrWas
                0x080008cd        0x6 .pio\build\bluepill_f103c8\lib8b7\libUnity.a(unity.o)
                0x080008d4                . = ALIGN (0x4)
 *fill*         0x080008d3        0x1 

.rel.dyn        0x080008d4        0x0
 .rel.iplt      0x080008d4        0x0 c:/users/labtel/.platformio/packages/toolchain-gccarmnoneeabi/bin/../lib/gcc/arm-none-eabi/7.2.1/thumb/v7-m/crtbegin.o

.ARM.extab      0x080008d4        0x0
                0x080008d4                . = ALIGN (0x4)
 *(.ARM.extab* .gnu.linkonce.armextab.*)
                0x080008d4                . = ALIGN (0x4)

.ARM            0x080008d4        0x0
                0x080008d4                . = ALIGN (0x4)
                0x080008d4                __exidx_start = .
 *(.ARM.exidx*)
                0x080008d4                __exidx_end = .
                0x080008d4                . = ALIGN (0x4)

.preinit_array  0x080008d4        0x0
                0x080008d4                . = ALIGN (0x4)
                0x080008d4                PROVIDE (__preinit_array_start, .)
 *(.preinit_array*)
                0x080008d4                PROVIDE (__preinit_array_end, .)
                0x080008d4                . = ALIGN (0x4)

.init_array     0x080008d4        0x4
                0x080008d4                . = ALIGN (0x4)
                0x080008d4                PROVIDE (__init_array_start, .)
 *(SORT_BY_NAME(.init_array.*))
 *(.init_array*)
 .init_array    0x080008d4        0x4 c:/users/labtel/.platformio/packages/toolchain-gccarmnoneeabi/bin/../lib/gcc/arm-none-eabi/7.2.1/thumb/v7-m/crtbegin.o
                0x080008d8                PROVIDE (__init_array_end, .)
                0x080008d8                . = ALIGN (0x4)

.fini_array     0x080008d8        0x4
                0x080008d8                . = ALIGN (0x4)
                [!provide]                PROVIDE (__fini_array_start, .)
 *(SORT_BY_NAME(.fini_array.*))
 *(.fini_array*)
 .fini_array    0x080008d8        0x4 c:/users/labtel/.platformio/packages/toolchain-gccarmnoneeabi/bin/../lib/gcc/arm-none-eabi/7.2.1/thumb/v7-m/crtbegin.o
                [!provide]                PROVIDE (__fini_array_end, .)
                0x080008dc                . = ALIGN (0x4)
                0x080008dc                _sidata = LOADADDR (.data)

.data           0x20000000        0x4 load address 0x080008dc
                0x20000000                . = ALIGN (0x4)
                0x20000000                _sdata = .
 *(.data)
 *(.data*)
 .data.SystemCoreClock
                0x20000000        0x4 .pio\build\bluepill_f103c8\FrameworkCMSIS\system_stm32f1xx.o
                0x20000000                SystemCoreClock
 *(.RamFunc)
 *(.RamFunc*)
                0x20000004                . = ALIGN (0x4)
                0x20000004                _edata = .

.igot.plt       0x20000004        0x0 load address 0x080008e0
 .igot.plt      0x20000004        0x0 c:/users/labtel/.platformio/packages/toolchain-gccarmnoneeabi/bin/../lib/gcc/arm-none-eabi/7.2.1/thumb/v7-m/crtbegin.o
                0x20000004                . = ALIGN (0x4)

.bss            0x20000004       0xa4 load address 0x080008e0
                0x20000004                _sbss = .
                0x20000004                __bss_start__ = _sbss
 *(.bss)
 .bss           0x20000004       0x1c c:/users/labtel/.platformio/packages/toolchain-gccarmnoneeabi/bin/../lib/gcc/arm-none-eabi/7.2.1/thumb/v7-m/crtbegin.o
 *(.bss*)
 .bss.ticks     0x20000020        0x4 .pio\build\bluepill_f103c8\libbfc\libBluePillHal.a(BluePillHal.o)
 *(COMMON)
 COMMON         0x20000024       0x84 .pio\build\bluepill_f103c8\lib8b7\libUnity.a(unity.o)
                0x20000024                Unity
                0x200000a8                . = ALIGN (0x4)
                0x200000a8                _ebss = .
                0x200000a8                __bss_end__ = _ebss

._user_heap_stack
                0x200000a8      0x600 load address 0x080008e0
                0x200000a8                . = ALIGN (0x8)
                [!provide]                PROVIDE (end, .)
                [!provide]                PROVIDE (_end, .)
                0x200002a8                . = (. + _Min_Heap_Size)
 *fill*         0x200000a8      0x200 
                0x200006a8                . = (. + _Min_Stack_Size)
 *fill*         0x200002a8      0x400 
                0x200006a8                . = ALIGN (0x8)

/DISCARD/
 libc.a(*)
 libm.a(*)
 libgcc.a(*)

.ARM.attributes
                0x00000000       0x29
 *(.ARM.attributes)
 .ARM.attributes
                0x00000000       0x1d c:/users/labtel/.platformio/packages/toolchain-gccarmnoneeabi/bin/../lib/gcc/arm-none-eabi/7.2.1/thumb/v7-m/crti.o
 .ARM.attributes
                0x0000001d       0x2d c:/users/labtel/.platformio/packages/toolchain-gccarmnoneeabi/bin/../lib/gcc/arm-none-eabi/7.2.1/thumb/v7-m/crtbegin.o
 .ARM.attributes
                0x0000004a       0x21 .pio\build\bluepill_f103c8\FrameworkCMSIS\gcc\startup_stm32f103xb.o
 .ARM.attributes
                0x0000006b       0x33 .pio\build\bluepill_f103c8\FrameworkCMSIS\system_stm32f1xx.o
 .ARM.attributes
                0x0000009e       0x33 .pio\build\bluepill_f103c8\test\test_bluepill\test.o
 .ARM.attributes
                0x000000d1       0x33 .pio\build\bluepill_f103c8\test\unity_config.o
 .ARM.attributes
                0x00000104       0x33 .pio\build\bluepill_f103c8\libbfc\libBluePillHal.a(BluePillHal.o)
 .ARM.attributes
                0x00000137       0x33 .pio\build\bluepill_f103c8\lib8b7\libUnity.a(unity.o)
 .ARM.attributes
                0x0000016a       0x2d c:/users/labtel/.platformio/packages/toolchain-gccarmnoneeabi/bin/../lib/gcc/arm-none-eabi/7.2.1/../../../../arm-none-eabi/lib/thumb/v7-m\libc_nano.a(lib_a-init.o)
 .ARM.attributes
                0x00000197       0x1b c:/users/labtel/.platformio/packages/toolchain-gccarmnoneeabi/bin/../lib/gcc/arm-none-eabi/7.2.1/../../../../arm-none-eabi/lib/thumb/v7-m\libc_nano.a(lib_a-setjmp.o)
 .ARM.attributes
                0x000001b2       0x1d c:/users/labtel/.platformio/packages/toolchain-gccarmnoneeabi/bin/../lib/gcc/arm-none-eabi/7.2.1/thumb/v7-m/crtn.o
OUTPUT(.pio\build\bluepill_f103c8\firmware.elf elf32-littlearm)

.debug_info     0x00000000     0x61a5
 .debug_info    0x00000000      0x3e4 .pio\build\bluepill_f103c8\FrameworkCMSIS\system_stm32f1xx.o
 .debug_info    0x000003e4      0xdf0 .pio\build\bluepill_f103c8\test\test_bluepill\test.o
 .debug_info    0x000011d4      0x474 .pio\build\bluepill_f103c8\test\unity_config.o
 .debug_info    0x00001648      0x95c .pio\build\bluepill_f103c8\libbfc\libBluePillHal.a(BluePillHal.o)
 .debug_info    0x00001fa4     0x4201 .pio\build\bluepill_f103c8\lib8b7\libUnity.a(unity.o)

.debug_abbrev   0x00000000      0xd6a
 .debug_abbrev  0x00000000      0x131 .pio\build\bluepill_f103c8\FrameworkCMSIS\system_stm32f1xx.o
 .debug_abbrev  0x00000131      0x2c6 .pio\build\bluepill_f103c8\test\test_bluepill\test.o
 .debug_abbrev  0x000003f7      0x1c7 .pio\build\bluepill_f103c8\test\unity_config.o
 .debug_abbrev  0x000005be      0x28e .pio\build\bluepill_f103c8\libbfc\libBluePillHal.a(BluePillHal.o)
 .debug_abbrev  0x0000084c      0x51e .pio\build\bluepill_f103c8\lib8b7\libUnity.a(unity.o)

.debug_loc      0x00000000     0x314c
 .debug_loc     0x00000000       0xcd .pio\build\bluepill_f103c8\FrameworkCMSIS\system_stm32f1xx.o
 .debug_loc     0x000000cd       0x73 .pio\build\bluepill_f103c8\test\unity_config.o
 .debug_loc     0x00000140      0x213 .pio\build\bluepill_f103c8\libbfc\libBluePillHal.a(BluePillHal.o)
 .debug_loc     0x00000353     0x2df9 .pio\build\bluepill_f103c8\lib8b7\libUnity.a(unity.o)

.debug_aranges  0x00000000      0x220
 .debug_aranges
                0x00000000       0x28 .pio\build\bluepill_f103c8\FrameworkCMSIS\system_stm32f1xx.o
 .debug_aranges
                0x00000028       0x30 .pio\build\bluepill_f103c8\test\test_bluepill\test.o
 .debug_aranges
                0x00000058       0x38 .pio\build\bluepill_f103c8\test\unity_config.o
 .debug_aranges
                0x00000090       0x48 .pio\build\bluepill_f103c8\libbfc\libBluePillHal.a(BluePillHal.o)
 .debug_aranges
                0x000000d8      0x148 .pio\build\bluepill_f103c8\lib8b7\libUnity.a(unity.o)

.debug_ranges   0x00000000      0x3e8
 .debug_ranges  0x00000000       0x18 .pio\build\bluepill_f103c8\FrameworkCMSIS\system_stm32f1xx.o
 .debug_ranges  0x00000018       0x38 .pio\build\bluepill_f103c8\test\test_bluepill\test.o
 .debug_ranges  0x00000050       0x58 .pio\build\bluepill_f103c8\test\unity_config.o
 .debug_ranges  0x000000a8       0x50 .pio\build\bluepill_f103c8\libbfc\libBluePillHal.a(BluePillHal.o)
 .debug_ranges  0x000000f8      0x2f0 .pio\build\bluepill_f103c8\lib8b7\libUnity.a(unity.o)

.debug_line     0x00000000     0x14dc
 .debug_line    0x00000000      0x26c .pio\build\bluepill_f103c8\FrameworkCMSIS\system_stm32f1xx.o
 .debug_line    0x0000026c      0x366 .pio\build\bluepill_f103c8\test\test_bluepill\test.o
 .debug_line    0x000005d2      0x250 .pio\build\bluepill_f103c8\test\unity_config.o
 .debug_line    0x00000822      0x282 .pio\build\bluepill_f103c8\libbfc\libBluePillHal.a(BluePillHal.o)
 .debug_line    0x00000aa4      0xa38 .pio\build\bluepill_f103c8\lib8b7\libUnity.a(unity.o)

.debug_str      0x00000000     0x19dd
 .debug_str     0x00000000      0x29d .pio\build\bluepill_f103c8\FrameworkCMSIS\system_stm32f1xx.o
                                0x2ea (size before relaxing)
 .debug_str     0x0000029d      0x67e .pio\build\bluepill_f103c8\test\test_bluepill\test.o
                                0x8b4 (size before relaxing)
 .debug_str     0x0000091b      0x20b .pio\build\bluepill_f103c8\test\unity_config.o
                                0x42a (size before relaxing)
 .debug_str     0x00000b26      0x475 .pio\build\bluepill_f103c8\libbfc\libBluePillHal.a(BluePillHal.o)
                                0x752 (size before relaxing)
 .debug_str     0x00000f9b      0xa42 .pio\build\bluepill_f103c8\lib8b7\libUnity.a(unity.o)
                               0x120e (size before relaxing)

.comment        0x00000000       0x7e
 .comment       0x00000000       0x7e .pio\build\bluepill_f103c8\FrameworkCMSIS\system_stm32f1xx.o
                                 0x7f (size before relaxing)
 .comment       0x0000007e       0x7f .pio\build\bluepill_f103c8\test\test_bluepill\test.o
 .comment       0x0000007e       0x7f .pio\build\bluepill_f103c8\test\unity_config.o
 .comment       0x0000007e       0x7f .pio\build\bluepill_f103c8\libbfc\libBluePillHal.a(BluePillHal.o)
 .comment       0x0000007e       0x7f .pio\build\bluepill_f103c8\lib8b7\libUnity.a(unity.o)

.debug_frame    0x00000000      0x684
 .debug_frame   0x00000000       0x30 .pio\build\bluepill_f103c8\FrameworkCMSIS\system_stm32f1xx.o
 .debug_frame   0x00000030       0x68 .pio\build\bluepill_f103c8\test\test_bluepill\test.o
 .debug_frame   0x00000098       0x60 .pio\build\bluepill_f103c8\test\unity_config.o
 .debug_frame   0x000000f8       0x88 .pio\build\bluepill_f103c8\libbfc\libBluePillHal.a(BluePillHal.o)
 .debug_frame   0x00000180      0x4d8 .pio\build\bluepill_f103c8\lib8b7\libUnity.a(unity.o)
 .debug_frame   0x00000658       0x2c c:/users/labtel/.platformio/packages/toolchain-gccarmnoneeabi/bin/../lib/gcc/arm-none-eabi/7.2.1/../../../../arm-none-eabi/lib/thumb/v7-m\libc_nano.a(lib_a-init.o)
