Archive member included to satisfy reference by file (symbol)

.pio\build\bluepill_f103c8\lib4fb\libMaquina.a(control_luz.o)
                              .pio\build\bluepill_f103c8\src\main.o (ControladorLuz_init)
.pio\build\bluepill_f103c8\lib4fb\libMaquina.a(maquina.o)
                              .pio\build\bluepill_f103c8\lib4fb\libMaquina.a(control_luz.o) (Maquina_init)
.pio\build\bluepill_f103c8\libbfc\libBluePillHal.a(BluePillHal.o)
                              .pio\build\bluepill_f103c8\src\main.o (BP_inicio)
c:/users/labtel/.platformio/packages/toolchain-gccarmnoneeabi/bin/../lib/gcc/arm-none-eabi/7.2.1/../../../../arm-none-eabi/lib/thumb/v7-m\libc_nano.a(lib_a-exit.o)
                              c:/users/labtel/.platformio/packages/toolchain-gccarmnoneeabi/bin/../lib/gcc/arm-none-eabi/7.2.1/../../../../arm-none-eabi/lib/thumb/v7-m/crt0.o (exit)
c:/users/labtel/.platformio/packages/toolchain-gccarmnoneeabi/bin/../lib/gcc/arm-none-eabi/7.2.1/../../../../arm-none-eabi/lib/thumb/v7-m\libc_nano.a(lib_a-impure.o)
                              c:/users/labtel/.platformio/packages/toolchain-gccarmnoneeabi/bin/../lib/gcc/arm-none-eabi/7.2.1/../../../../arm-none-eabi/lib/thumb/v7-m\libc_nano.a(lib_a-exit.o) (_global_impure_ptr)
c:/users/labtel/.platformio/packages/toolchain-gccarmnoneeabi/bin/../lib/gcc/arm-none-eabi/7.2.1/../../../../arm-none-eabi/lib/thumb/v7-m\libc_nano.a(lib_a-init.o)
                              c:/users/labtel/.platformio/packages/toolchain-gccarmnoneeabi/bin/../lib/gcc/arm-none-eabi/7.2.1/../../../../arm-none-eabi/lib/thumb/v7-m/crt0.o (__libc_init_array)
c:/users/labtel/.platformio/packages/toolchain-gccarmnoneeabi/bin/../lib/gcc/arm-none-eabi/7.2.1/../../../../arm-none-eabi/lib/thumb/v7-m\libc_nano.a(lib_a-memset.o)
                              c:/users/labtel/.platformio/packages/toolchain-gccarmnoneeabi/bin/../lib/gcc/arm-none-eabi/7.2.1/../../../../arm-none-eabi/lib/thumb/v7-m/crt0.o (memset)
c:/users/labtel/.platformio/packages/toolchain-gccarmnoneeabi/bin/../lib/gcc/arm-none-eabi/7.2.1/../../../../arm-none-eabi/lib/thumb/v7-m\libnosys.a(_exit.o)
                              c:/users/labtel/.platformio/packages/toolchain-gccarmnoneeabi/bin/../lib/gcc/arm-none-eabi/7.2.1/../../../../arm-none-eabi/lib/thumb/v7-m\libc_nano.a(lib_a-exit.o) (_exit)

Discarded input sections

 .text          0x00000000        0x0 c:/users/labtel/.platformio/packages/toolchain-gccarmnoneeabi/bin/../lib/gcc/arm-none-eabi/7.2.1/thumb/v7-m/crti.o
 .data          0x00000000        0x0 c:/users/labtel/.platformio/packages/toolchain-gccarmnoneeabi/bin/../lib/gcc/arm-none-eabi/7.2.1/thumb/v7-m/crti.o
 .bss           0x00000000        0x0 c:/users/labtel/.platformio/packages/toolchain-gccarmnoneeabi/bin/../lib/gcc/arm-none-eabi/7.2.1/thumb/v7-m/crti.o
 .data          0x00000000        0x4 c:/users/labtel/.platformio/packages/toolchain-gccarmnoneeabi/bin/../lib/gcc/arm-none-eabi/7.2.1/thumb/v7-m/crtbegin.o
 .text          0x00000000       0x74 c:/users/labtel/.platformio/packages/toolchain-gccarmnoneeabi/bin/../lib/gcc/arm-none-eabi/7.2.1/../../../../arm-none-eabi/lib/thumb/v7-m/crt0.o
 .data          0x00000000        0x0 c:/users/labtel/.platformio/packages/toolchain-gccarmnoneeabi/bin/../lib/gcc/arm-none-eabi/7.2.1/../../../../arm-none-eabi/lib/thumb/v7-m/crt0.o
 .bss           0x00000000        0x0 c:/users/labtel/.platformio/packages/toolchain-gccarmnoneeabi/bin/../lib/gcc/arm-none-eabi/7.2.1/../../../../arm-none-eabi/lib/thumb/v7-m/crt0.o
 .ARM.extab     0x00000000        0x0 c:/users/labtel/.platformio/packages/toolchain-gccarmnoneeabi/bin/../lib/gcc/arm-none-eabi/7.2.1/../../../../arm-none-eabi/lib/thumb/v7-m/crt0.o
 .ARM.exidx     0x00000000        0x8 c:/users/labtel/.platformio/packages/toolchain-gccarmnoneeabi/bin/../lib/gcc/arm-none-eabi/7.2.1/../../../../arm-none-eabi/lib/thumb/v7-m/crt0.o
 .ARM.attributes
                0x00000000       0x1b c:/users/labtel/.platformio/packages/toolchain-gccarmnoneeabi/bin/../lib/gcc/arm-none-eabi/7.2.1/../../../../arm-none-eabi/lib/thumb/v7-m/crt0.o
 .text          0x00000000       0x14 .pio\build\bluepill_f103c8\FrameworkCMSIS\gcc\startup_stm32f103xb.o
 .data          0x00000000        0x0 .pio\build\bluepill_f103c8\FrameworkCMSIS\gcc\startup_stm32f103xb.o
 .bss           0x00000000        0x0 .pio\build\bluepill_f103c8\FrameworkCMSIS\gcc\startup_stm32f103xb.o
 .text          0x00000000        0x0 .pio\build\bluepill_f103c8\FrameworkCMSIS\system_stm32f1xx.o
 .data          0x00000000        0x0 .pio\build\bluepill_f103c8\FrameworkCMSIS\system_stm32f1xx.o
 .bss           0x00000000        0x0 .pio\build\bluepill_f103c8\FrameworkCMSIS\system_stm32f1xx.o
 .rodata.APBPrescTable
                0x00000000        0x8 .pio\build\bluepill_f103c8\FrameworkCMSIS\system_stm32f1xx.o
 .text          0x00000000        0x0 .pio\build\bluepill_f103c8\src\main.o
 .data          0x00000000        0x0 .pio\build\bluepill_f103c8\src\main.o
 .bss           0x00000000        0x0 .pio\build\bluepill_f103c8\src\main.o
 .text.luzOn    0x00000000        0x2 .pio\build\bluepill_f103c8\src\main.o
 .text          0x00000000        0x0 .pio\build\bluepill_f103c8\lib4fb\libMaquina.a(control_luz.o)
 .data          0x00000000        0x0 .pio\build\bluepill_f103c8\lib4fb\libMaquina.a(control_luz.o)
 .bss           0x00000000        0x0 .pio\build\bluepill_f103c8\lib4fb\libMaquina.a(control_luz.o)
 .text          0x00000000        0x0 .pio\build\bluepill_f103c8\lib4fb\libMaquina.a(maquina.o)
 .data          0x00000000        0x0 .pio\build\bluepill_f103c8\lib4fb\libMaquina.a(maquina.o)
 .bss           0x00000000        0x0 .pio\build\bluepill_f103c8\lib4fb\libMaquina.a(maquina.o)
 .text          0x00000000        0x0 .pio\build\bluepill_f103c8\libbfc\libBluePillHal.a(BluePillHal.o)
 .data          0x00000000        0x0 .pio\build\bluepill_f103c8\libbfc\libBluePillHal.a(BluePillHal.o)
 .bss           0x00000000        0x0 .pio\build\bluepill_f103c8\libbfc\libBluePillHal.a(BluePillHal.o)
 .text.BP_Pin_read
                0x00000000       0x20 .pio\build\bluepill_f103c8\libbfc\libBluePillHal.a(BluePillHal.o)
 .text.BP_Pin_mode
                0x00000000       0x7c .pio\build\bluepill_f103c8\libbfc\libBluePillHal.a(BluePillHal.o)
 .text.BP_Pin_set
                0x00000000       0x20 .pio\build\bluepill_f103c8\libbfc\libBluePillHal.a(BluePillHal.o)
 .text.BP_delay
                0x00000000       0x18 .pio\build\bluepill_f103c8\libbfc\libBluePillHal.a(BluePillHal.o)
 .rodata.pines  0x00000000       0x10 .pio\build\bluepill_f103c8\libbfc\libBluePillHal.a(BluePillHal.o)
 .text          0x00000000        0x0 c:/users/labtel/.platformio/packages/toolchain-gccarmnoneeabi/bin/../lib/gcc/arm-none-eabi/7.2.1/../../../../arm-none-eabi/lib/thumb/v7-m\libc_nano.a(lib_a-exit.o)
 .data          0x00000000        0x0 c:/users/labtel/.platformio/packages/toolchain-gccarmnoneeabi/bin/../lib/gcc/arm-none-eabi/7.2.1/../../../../arm-none-eabi/lib/thumb/v7-m\libc_nano.a(lib_a-exit.o)
 .bss           0x00000000        0x0 c:/users/labtel/.platformio/packages/toolchain-gccarmnoneeabi/bin/../lib/gcc/arm-none-eabi/7.2.1/../../../../arm-none-eabi/lib/thumb/v7-m\libc_nano.a(lib_a-exit.o)
 .text.exit     0x00000000       0x28 c:/users/labtel/.platformio/packages/toolchain-gccarmnoneeabi/bin/../lib/gcc/arm-none-eabi/7.2.1/../../../../arm-none-eabi/lib/thumb/v7-m\libc_nano.a(lib_a-exit.o)
 .debug_frame   0x00000000       0x28 c:/users/labtel/.platformio/packages/toolchain-gccarmnoneeabi/bin/../lib/gcc/arm-none-eabi/7.2.1/../../../../arm-none-eabi/lib/thumb/v7-m\libc_nano.a(lib_a-exit.o)
 .ARM.attributes
                0x00000000       0x2d c:/users/labtel/.platformio/packages/toolchain-gccarmnoneeabi/bin/../lib/gcc/arm-none-eabi/7.2.1/../../../../arm-none-eabi/lib/thumb/v7-m\libc_nano.a(lib_a-exit.o)
 .text          0x00000000        0x0 c:/users/labtel/.platformio/packages/toolchain-gccarmnoneeabi/bin/../lib/gcc/arm-none-eabi/7.2.1/../../../../arm-none-eabi/lib/thumb/v7-m\libc_nano.a(lib_a-impure.o)
 .data          0x00000000        0x0 c:/users/labtel/.platformio/packages/toolchain-gccarmnoneeabi/bin/../lib/gcc/arm-none-eabi/7.2.1/../../../../arm-none-eabi/lib/thumb/v7-m\libc_nano.a(lib_a-impure.o)
 .bss           0x00000000        0x0 c:/users/labtel/.platformio/packages/toolchain-gccarmnoneeabi/bin/../lib/gcc/arm-none-eabi/7.2.1/../../../../arm-none-eabi/lib/thumb/v7-m\libc_nano.a(lib_a-impure.o)
 .data._impure_ptr
                0x00000000        0x4 c:/users/labtel/.platformio/packages/toolchain-gccarmnoneeabi/bin/../lib/gcc/arm-none-eabi/7.2.1/../../../../arm-none-eabi/lib/thumb/v7-m\libc_nano.a(lib_a-impure.o)
 .data.impure_data
                0x00000000       0x60 c:/users/labtel/.platformio/packages/toolchain-gccarmnoneeabi/bin/../lib/gcc/arm-none-eabi/7.2.1/../../../../arm-none-eabi/lib/thumb/v7-m\libc_nano.a(lib_a-impure.o)
 .rodata._global_impure_ptr
                0x00000000        0x4 c:/users/labtel/.platformio/packages/toolchain-gccarmnoneeabi/bin/../lib/gcc/arm-none-eabi/7.2.1/../../../../arm-none-eabi/lib/thumb/v7-m\libc_nano.a(lib_a-impure.o)
 .ARM.attributes
                0x00000000       0x2d c:/users/labtel/.platformio/packages/toolchain-gccarmnoneeabi/bin/../lib/gcc/arm-none-eabi/7.2.1/../../../../arm-none-eabi/lib/thumb/v7-m\libc_nano.a(lib_a-impure.o)
 .text          0x00000000        0x0 c:/users/labtel/.platformio/packages/toolchain-gccarmnoneeabi/bin/../lib/gcc/arm-none-eabi/7.2.1/../../../../arm-none-eabi/lib/thumb/v7-m\libc_nano.a(lib_a-init.o)
 .data          0x00000000        0x0 c:/users/labtel/.platformio/packages/toolchain-gccarmnoneeabi/bin/../lib/gcc/arm-none-eabi/7.2.1/../../../../arm-none-eabi/lib/thumb/v7-m\libc_nano.a(lib_a-init.o)
 .bss           0x00000000        0x0 c:/users/labtel/.platformio/packages/toolchain-gccarmnoneeabi/bin/../lib/gcc/arm-none-eabi/7.2.1/../../../../arm-none-eabi/lib/thumb/v7-m\libc_nano.a(lib_a-init.o)
 .text          0x00000000        0x0 c:/users/labtel/.platformio/packages/toolchain-gccarmnoneeabi/bin/../lib/gcc/arm-none-eabi/7.2.1/../../../../arm-none-eabi/lib/thumb/v7-m\libc_nano.a(lib_a-memset.o)
 .data          0x00000000        0x0 c:/users/labtel/.platformio/packages/toolchain-gccarmnoneeabi/bin/../lib/gcc/arm-none-eabi/7.2.1/../../../../arm-none-eabi/lib/thumb/v7-m\libc_nano.a(lib_a-memset.o)
 .bss           0x00000000        0x0 c:/users/labtel/.platformio/packages/toolchain-gccarmnoneeabi/bin/../lib/gcc/arm-none-eabi/7.2.1/../../../../arm-none-eabi/lib/thumb/v7-m\libc_nano.a(lib_a-memset.o)
 .text.memset   0x00000000       0x10 c:/users/labtel/.platformio/packages/toolchain-gccarmnoneeabi/bin/../lib/gcc/arm-none-eabi/7.2.1/../../../../arm-none-eabi/lib/thumb/v7-m\libc_nano.a(lib_a-memset.o)
 .debug_frame   0x00000000       0x20 c:/users/labtel/.platformio/packages/toolchain-gccarmnoneeabi/bin/../lib/gcc/arm-none-eabi/7.2.1/../../../../arm-none-eabi/lib/thumb/v7-m\libc_nano.a(lib_a-memset.o)
 .ARM.attributes
                0x00000000       0x2d c:/users/labtel/.platformio/packages/toolchain-gccarmnoneeabi/bin/../lib/gcc/arm-none-eabi/7.2.1/../../../../arm-none-eabi/lib/thumb/v7-m\libc_nano.a(lib_a-memset.o)
 .text          0x00000000        0x0 c:/users/labtel/.platformio/packages/toolchain-gccarmnoneeabi/bin/../lib/gcc/arm-none-eabi/7.2.1/../../../../arm-none-eabi/lib/thumb/v7-m\libnosys.a(_exit.o)
 .data          0x00000000        0x0 c:/users/labtel/.platformio/packages/toolchain-gccarmnoneeabi/bin/../lib/gcc/arm-none-eabi/7.2.1/../../../../arm-none-eabi/lib/thumb/v7-m\libnosys.a(_exit.o)
 .bss           0x00000000        0x0 c:/users/labtel/.platformio/packages/toolchain-gccarmnoneeabi/bin/../lib/gcc/arm-none-eabi/7.2.1/../../../../arm-none-eabi/lib/thumb/v7-m\libnosys.a(_exit.o)
 .text._exit    0x00000000        0x4 c:/users/labtel/.platformio/packages/toolchain-gccarmnoneeabi/bin/../lib/gcc/arm-none-eabi/7.2.1/../../../../arm-none-eabi/lib/thumb/v7-m\libnosys.a(_exit.o)
 .debug_frame   0x00000000       0x20 c:/users/labtel/.platformio/packages/toolchain-gccarmnoneeabi/bin/../lib/gcc/arm-none-eabi/7.2.1/../../../../arm-none-eabi/lib/thumb/v7-m\libnosys.a(_exit.o)
 .ARM.attributes
                0x00000000       0x2d c:/users/labtel/.platformio/packages/toolchain-gccarmnoneeabi/bin/../lib/gcc/arm-none-eabi/7.2.1/../../../../arm-none-eabi/lib/thumb/v7-m\libnosys.a(_exit.o)
 .text          0x00000000        0x0 c:/users/labtel/.platformio/packages/toolchain-gccarmnoneeabi/bin/../lib/gcc/arm-none-eabi/7.2.1/thumb/v7-m/crtend.o
 .data          0x00000000        0x0 c:/users/labtel/.platformio/packages/toolchain-gccarmnoneeabi/bin/../lib/gcc/arm-none-eabi/7.2.1/thumb/v7-m/crtend.o
 .bss           0x00000000        0x0 c:/users/labtel/.platformio/packages/toolchain-gccarmnoneeabi/bin/../lib/gcc/arm-none-eabi/7.2.1/thumb/v7-m/crtend.o
 .eh_frame      0x00000000        0x4 c:/users/labtel/.platformio/packages/toolchain-gccarmnoneeabi/bin/../lib/gcc/arm-none-eabi/7.2.1/thumb/v7-m/crtend.o
 .ARM.attributes
                0x00000000       0x2d c:/users/labtel/.platformio/packages/toolchain-gccarmnoneeabi/bin/../lib/gcc/arm-none-eabi/7.2.1/thumb/v7-m/crtend.o
 .text          0x00000000        0x0 c:/users/labtel/.platformio/packages/toolchain-gccarmnoneeabi/bin/../lib/gcc/arm-none-eabi/7.2.1/thumb/v7-m/crtn.o
 .data          0x00000000        0x0 c:/users/labtel/.platformio/packages/toolchain-gccarmnoneeabi/bin/../lib/gcc/arm-none-eabi/7.2.1/thumb/v7-m/crtn.o
 .bss           0x00000000        0x0 c:/users/labtel/.platformio/packages/toolchain-gccarmnoneeabi/bin/../lib/gcc/arm-none-eabi/7.2.1/thumb/v7-m/crtn.o

Memory Configuration

Name             Origin             Length             Attributes
RAM              0x20000000         0x00005000         xrw
FLASH            0x08000000         0x00010000         xr
*default*        0x00000000         0xffffffff

Linker script and memory map

LOAD c:/users/labtel/.platformio/packages/toolchain-gccarmnoneeabi/bin/../lib/gcc/arm-none-eabi/7.2.1/thumb/v7-m/crti.o
LOAD c:/users/labtel/.platformio/packages/toolchain-gccarmnoneeabi/bin/../lib/gcc/arm-none-eabi/7.2.1/thumb/v7-m/crtbegin.o
LOAD c:/users/labtel/.platformio/packages/toolchain-gccarmnoneeabi/bin/../lib/gcc/arm-none-eabi/7.2.1/../../../../arm-none-eabi/lib/thumb/v7-m/crt0.o
LOAD .pio\build\bluepill_f103c8\FrameworkCMSIS\gcc\startup_stm32f103xb.o
LOAD .pio\build\bluepill_f103c8\FrameworkCMSIS\system_stm32f1xx.o
LOAD .pio\build\bluepill_f103c8\src\main.o
START GROUP
LOAD .pio\build\bluepill_f103c8\lib4fb\libMaquina.a
LOAD .pio\build\bluepill_f103c8\libbfc\libBluePillHal.a
LOAD c:/users/labtel/.platformio/packages/toolchain-gccarmnoneeabi/bin/../lib/gcc/arm-none-eabi/7.2.1/../../../../arm-none-eabi/lib/thumb/v7-m\libc_nano.a
LOAD c:/users/labtel/.platformio/packages/toolchain-gccarmnoneeabi/bin/../lib/gcc/arm-none-eabi/7.2.1/thumb/v7-m\libgcc.a
LOAD c:/users/labtel/.platformio/packages/toolchain-gccarmnoneeabi/bin/../lib/gcc/arm-none-eabi/7.2.1/../../../../arm-none-eabi/lib/thumb/v7-m\libm.a
LOAD c:/users/labtel/.platformio/packages/toolchain-gccarmnoneeabi/bin/../lib/gcc/arm-none-eabi/7.2.1/../../../../arm-none-eabi/lib/thumb/v7-m\libstdc++_nano.a
END GROUP
START GROUP
LOAD c:/users/labtel/.platformio/packages/toolchain-gccarmnoneeabi/bin/../lib/gcc/arm-none-eabi/7.2.1/thumb/v7-m\libgcc.a
LOAD c:/users/labtel/.platformio/packages/toolchain-gccarmnoneeabi/bin/../lib/gcc/arm-none-eabi/7.2.1/../../../../arm-none-eabi/lib/thumb/v7-m\libc_nano.a
END GROUP
START GROUP
LOAD c:/users/labtel/.platformio/packages/toolchain-gccarmnoneeabi/bin/../lib/gcc/arm-none-eabi/7.2.1/thumb/v7-m\libgcc.a
LOAD c:/users/labtel/.platformio/packages/toolchain-gccarmnoneeabi/bin/../lib/gcc/arm-none-eabi/7.2.1/../../../../arm-none-eabi/lib/thumb/v7-m\libc_nano.a
LOAD c:/users/labtel/.platformio/packages/toolchain-gccarmnoneeabi/bin/../lib/gcc/arm-none-eabi/7.2.1/../../../../arm-none-eabi/lib/thumb/v7-m\libnosys.a
END GROUP
START GROUP
LOAD c:/users/labtel/.platformio/packages/toolchain-gccarmnoneeabi/bin/../lib/gcc/arm-none-eabi/7.2.1/thumb/v7-m\libgcc.a
LOAD c:/users/labtel/.platformio/packages/toolchain-gccarmnoneeabi/bin/../lib/gcc/arm-none-eabi/7.2.1/../../../../arm-none-eabi/lib/thumb/v7-m\libc_nano.a
LOAD c:/users/labtel/.platformio/packages/toolchain-gccarmnoneeabi/bin/../lib/gcc/arm-none-eabi/7.2.1/../../../../arm-none-eabi/lib/thumb/v7-m\libnosys.a
END GROUP
LOAD c:/users/labtel/.platformio/packages/toolchain-gccarmnoneeabi/bin/../lib/gcc/arm-none-eabi/7.2.1/thumb/v7-m/crtend.o
LOAD c:/users/labtel/.platformio/packages/toolchain-gccarmnoneeabi/bin/../lib/gcc/arm-none-eabi/7.2.1/thumb/v7-m/crtn.o
                0x20005000                _estack = (ORIGIN (RAM) + LENGTH (RAM))
                0x00000200                _Min_Heap_Size = 0x200
                0x00000400                _Min_Stack_Size = 0x400

.isr_vector     0x08000000      0x10c
                0x08000000                . = ALIGN (0x4)
 *(.isr_vector)
 .isr_vector    0x08000000      0x10c .pio\build\bluepill_f103c8\FrameworkCMSIS\gcc\startup_stm32f103xb.o
                0x08000000                g_pfnVectors
                0x0800010c                . = ALIGN (0x4)

.text           0x0800010c      0x2e4
                0x0800010c                . = ALIGN (0x4)
 *(.text)
 .text          0x0800010c       0x40 c:/users/labtel/.platformio/packages/toolchain-gccarmnoneeabi/bin/../lib/gcc/arm-none-eabi/7.2.1/thumb/v7-m/crtbegin.o
 *(.text*)
 .text.Reset_Handler
                0x0800014c       0x48 .pio\build\bluepill_f103c8\FrameworkCMSIS\gcc\startup_stm32f103xb.o
                0x0800014c                Reset_Handler
 .text.Default_Handler
                0x08000194        0x2 .pio\build\bluepill_f103c8\FrameworkCMSIS\gcc\startup_stm32f103xb.o
                0x08000194                RTC_Alarm_IRQHandler
                0x08000194                EXTI2_IRQHandler
                0x08000194                DebugMon_Handler
                0x08000194                TIM1_CC_IRQHandler
                0x08000194                HardFault_Handler
                0x08000194                PVD_IRQHandler
                0x08000194                PendSV_Handler
                0x08000194                NMI_Handler
                0x08000194                EXTI3_IRQHandler
                0x08000194                EXTI0_IRQHandler
                0x08000194                I2C2_EV_IRQHandler
                0x08000194                UsageFault_Handler
                0x08000194                ADC1_2_IRQHandler
                0x08000194                SPI1_IRQHandler
                0x08000194                TAMPER_IRQHandler
                0x08000194                DMA1_Channel4_IRQHandler
                0x08000194                USART3_IRQHandler
                0x08000194                RTC_IRQHandler
                0x08000194                DMA1_Channel7_IRQHandler
                0x08000194                CAN1_RX1_IRQHandler
                0x08000194                TIM4_IRQHandler
                0x08000194                I2C1_EV_IRQHandler
                0x08000194                DMA1_Channel6_IRQHandler
                0x08000194                TIM3_IRQHandler
                0x08000194                RCC_IRQHandler
                0x08000194                TIM1_TRG_COM_IRQHandler
                0x08000194                DMA1_Channel1_IRQHandler
                0x08000194                Default_Handler
                0x08000194                EXTI15_10_IRQHandler
                0x08000194                EXTI9_5_IRQHandler
                0x08000194                SPI2_IRQHandler
                0x08000194                MemManage_Handler
                0x08000194                SVC_Handler
                0x08000194                DMA1_Channel5_IRQHandler
                0x08000194                EXTI4_IRQHandler
                0x08000194                USB_LP_CAN1_RX0_IRQHandler
                0x08000194                USB_HP_CAN1_TX_IRQHandler
                0x08000194                DMA1_Channel3_IRQHandler
                0x08000194                TIM1_UP_IRQHandler
                0x08000194                WWDG_IRQHandler
                0x08000194                TIM2_IRQHandler
                0x08000194                TIM1_BRK_IRQHandler
                0x08000194                EXTI1_IRQHandler
                0x08000194                USART2_IRQHandler
                0x08000194                I2C2_ER_IRQHandler
                0x08000194                DMA1_Channel2_IRQHandler
                0x08000194                CAN1_SCE_IRQHandler
                0x08000194                FLASH_IRQHandler
                0x08000194                BusFault_Handler
                0x08000194                USART1_IRQHandler
                0x08000194                I2C1_ER_IRQHandler
                0x08000194                USBWakeUp_IRQHandler
 *fill*         0x08000196        0x2 
 .text.SystemInit
                0x08000198       0x4c .pio\build\bluepill_f103c8\FrameworkCMSIS\system_stm32f1xx.o
                0x08000198                SystemInit
 .text.SystemCoreClockUpdate
                0x080001e4       0x58 .pio\build\bluepill_f103c8\FrameworkCMSIS\system_stm32f1xx.o
                0x080001e4                SystemCoreClockUpdate
 .text.luzOff   0x0800023c        0x2 .pio\build\bluepill_f103c8\src\main.o
                0x0800023c                luzOff
 .text.setTimeout
                0x0800023e        0x2 .pio\build\bluepill_f103c8\src\main.o
                0x0800023e                setTimeout
 .text.startup.main
                0x08000240       0x26 .pio\build\bluepill_f103c8\src\main.o
                0x08000240                main
 *fill*         0x08000266        0x2 
 .text.Estado_apagado
                0x08000268       0x2c .pio\build\bluepill_f103c8\lib4fb\libMaquina.a(control_luz.o)
 .text.Estado_encendido
                0x08000294       0x24 .pio\build\bluepill_f103c8\lib4fb\libMaquina.a(control_luz.o)
 .text.ControladorLuz_init
                0x080002b8       0x14 .pio\build\bluepill_f103c8\lib4fb\libMaquina.a(control_luz.o)
                0x080002b8                ControladorLuz_init
 .text.Maquina_init
                0x080002cc       0x10 .pio\build\bluepill_f103c8\lib4fb\libMaquina.a(maquina.o)
                0x080002cc                Maquina_init
 .text.Maquina_despacha
                0x080002dc       0x20 .pio\build\bluepill_f103c8\lib4fb\libMaquina.a(maquina.o)
                0x080002dc                Maquina_despacha
 .text.Maquina_procesa
                0x080002fc       0x46 .pio\build\bluepill_f103c8\lib4fb\libMaquina.a(maquina.o)
                0x080002fc                Maquina_procesa
 *fill*         0x08000342        0x2 
 .text.BP_inicio
                0x08000344       0x3c .pio\build\bluepill_f103c8\libbfc\libBluePillHal.a(BluePillHal.o)
                0x08000344                BP_inicio
 .text.SysTick_Handler
                0x08000380       0x10 .pio\build\bluepill_f103c8\libbfc\libBluePillHal.a(BluePillHal.o)
                0x08000380                SysTick_Handler
 .text.__libc_init_array
                0x08000390       0x48 c:/users/labtel/.platformio/packages/toolchain-gccarmnoneeabi/bin/../lib/gcc/arm-none-eabi/7.2.1/../../../../arm-none-eabi/lib/thumb/v7-m\libc_nano.a(lib_a-init.o)
                0x08000390                __libc_init_array
 *(.glue_7)
 .glue_7        0x080003d8        0x0 linker stubs
 *(.glue_7t)
 .glue_7t       0x080003d8        0x0 linker stubs
 *(.eh_frame)
 .eh_frame      0x080003d8        0x0 c:/users/labtel/.platformio/packages/toolchain-gccarmnoneeabi/bin/../lib/gcc/arm-none-eabi/7.2.1/thumb/v7-m/crtbegin.o
 *(.init)
 .init          0x080003d8        0x4 c:/users/labtel/.platformio/packages/toolchain-gccarmnoneeabi/bin/../lib/gcc/arm-none-eabi/7.2.1/thumb/v7-m/crti.o
                0x080003d8                _init
 .init          0x080003dc        0x8 c:/users/labtel/.platformio/packages/toolchain-gccarmnoneeabi/bin/../lib/gcc/arm-none-eabi/7.2.1/thumb/v7-m/crtn.o
 *(.fini)
 .fini          0x080003e4        0x4 c:/users/labtel/.platformio/packages/toolchain-gccarmnoneeabi/bin/../lib/gcc/arm-none-eabi/7.2.1/thumb/v7-m/crti.o
                0x080003e4                _fini
 .fini          0x080003e8        0x8 c:/users/labtel/.platformio/packages/toolchain-gccarmnoneeabi/bin/../lib/gcc/arm-none-eabi/7.2.1/thumb/v7-m/crtn.o
                0x080003f0                . = ALIGN (0x4)
                0x080003f0                _etext = .

.vfp11_veneer   0x080003f0        0x0
 .vfp11_veneer  0x080003f0        0x0 linker stubs

.v4_bx          0x080003f0        0x0
 .v4_bx         0x080003f0        0x0 linker stubs

.iplt           0x080003f0        0x0
 .iplt          0x080003f0        0x0 c:/users/labtel/.platformio/packages/toolchain-gccarmnoneeabi/bin/../lib/gcc/arm-none-eabi/7.2.1/thumb/v7-m/crtbegin.o

.rodata         0x080003f0       0x10
                0x080003f0                . = ALIGN (0x4)
 *(.rodata)
 *(.rodata*)
 .rodata.AHBPrescTable
                0x080003f0       0x10 .pio\build\bluepill_f103c8\FrameworkCMSIS\system_stm32f1xx.o
                0x080003f0                AHBPrescTable
                0x08000400                . = ALIGN (0x4)

.rel.dyn        0x08000400        0x0
 .rel.iplt      0x08000400        0x0 c:/users/labtel/.platformio/packages/toolchain-gccarmnoneeabi/bin/../lib/gcc/arm-none-eabi/7.2.1/thumb/v7-m/crtbegin.o

.ARM.extab      0x08000400        0x0
                0x08000400                . = ALIGN (0x4)
 *(.ARM.extab* .gnu.linkonce.armextab.*)
                0x08000400                . = ALIGN (0x4)

.ARM            0x08000400        0x0
                0x08000400                . = ALIGN (0x4)
                0x08000400                __exidx_start = .
 *(.ARM.exidx*)
                0x08000400                __exidx_end = .
                0x08000400                . = ALIGN (0x4)

.preinit_array  0x08000400        0x0
                0x08000400                . = ALIGN (0x4)
                0x08000400                PROVIDE (__preinit_array_start, .)
 *(.preinit_array*)
                0x08000400                PROVIDE (__preinit_array_end, .)
                0x08000400                . = ALIGN (0x4)

.init_array     0x08000400        0x4
                0x08000400                . = ALIGN (0x4)
                0x08000400                PROVIDE (__init_array_start, .)
 *(SORT_BY_NAME(.init_array.*))
 *(.init_array*)
 .init_array    0x08000400        0x4 c:/users/labtel/.platformio/packages/toolchain-gccarmnoneeabi/bin/../lib/gcc/arm-none-eabi/7.2.1/thumb/v7-m/crtbegin.o
                0x08000404                PROVIDE (__init_array_end, .)
                0x08000404                . = ALIGN (0x4)

.fini_array     0x08000404        0x4
                0x08000404                . = ALIGN (0x4)
                [!provide]                PROVIDE (__fini_array_start, .)
 *(SORT_BY_NAME(.fini_array.*))
 *(.fini_array*)
 .fini_array    0x08000404        0x4 c:/users/labtel/.platformio/packages/toolchain-gccarmnoneeabi/bin/../lib/gcc/arm-none-eabi/7.2.1/thumb/v7-m/crtbegin.o
                [!provide]                PROVIDE (__fini_array_end, .)
                0x08000408                . = ALIGN (0x4)
                0x08000408                _sidata = LOADADDR (.data)

.data           0x20000000        0x4 load address 0x08000408
                0x20000000                . = ALIGN (0x4)
                0x20000000                _sdata = .
 *(.data)
 *(.data*)
 .data.SystemCoreClock
                0x20000000        0x4 .pio\build\bluepill_f103c8\FrameworkCMSIS\system_stm32f1xx.o
                0x20000000                SystemCoreClock
 *(.RamFunc)
 *(.RamFunc*)
                0x20000004                . = ALIGN (0x4)
                0x20000004                _edata = .

.igot.plt       0x20000004        0x0 load address 0x0800040c
 .igot.plt      0x20000004        0x0 c:/users/labtel/.platformio/packages/toolchain-gccarmnoneeabi/bin/../lib/gcc/arm-none-eabi/7.2.1/thumb/v7-m/crtbegin.o
                0x20000004                . = ALIGN (0x4)

.bss            0x20000004       0x20 load address 0x0800040c
                0x20000004                _sbss = .
                0x20000004                __bss_start__ = _sbss
 *(.bss)
 .bss           0x20000004       0x1c c:/users/labtel/.platformio/packages/toolchain-gccarmnoneeabi/bin/../lib/gcc/arm-none-eabi/7.2.1/thumb/v7-m/crtbegin.o
 *(.bss*)
 .bss.ticks     0x20000020        0x4 .pio\build\bluepill_f103c8\libbfc\libBluePillHal.a(BluePillHal.o)
 *(COMMON)
                0x20000024                . = ALIGN (0x4)
                0x20000024                _ebss = .
                0x20000024                __bss_end__ = _ebss

._user_heap_stack
                0x20000024      0x604 load address 0x0800040c
                0x20000028                . = ALIGN (0x8)
 *fill*         0x20000024        0x4 
                [!provide]                PROVIDE (end, .)
                [!provide]                PROVIDE (_end, .)
                0x20000228                . = (. + _Min_Heap_Size)
 *fill*         0x20000028      0x200 
                0x20000628                . = (. + _Min_Stack_Size)
 *fill*         0x20000228      0x400 
                0x20000628                . = ALIGN (0x8)

/DISCARD/
 libc.a(*)
 libm.a(*)
 libgcc.a(*)

.ARM.attributes
                0x00000000       0x29
 *(.ARM.attributes)
 .ARM.attributes
                0x00000000       0x1d c:/users/labtel/.platformio/packages/toolchain-gccarmnoneeabi/bin/../lib/gcc/arm-none-eabi/7.2.1/thumb/v7-m/crti.o
 .ARM.attributes
                0x0000001d       0x2d c:/users/labtel/.platformio/packages/toolchain-gccarmnoneeabi/bin/../lib/gcc/arm-none-eabi/7.2.1/thumb/v7-m/crtbegin.o
 .ARM.attributes
                0x0000004a       0x21 .pio\build\bluepill_f103c8\FrameworkCMSIS\gcc\startup_stm32f103xb.o
 .ARM.attributes
                0x0000006b       0x33 .pio\build\bluepill_f103c8\FrameworkCMSIS\system_stm32f1xx.o
 .ARM.attributes
                0x0000009e       0x33 .pio\build\bluepill_f103c8\src\main.o
 .ARM.attributes
                0x000000d1       0x33 .pio\build\bluepill_f103c8\lib4fb\libMaquina.a(control_luz.o)
 .ARM.attributes
                0x00000104       0x33 .pio\build\bluepill_f103c8\lib4fb\libMaquina.a(maquina.o)
 .ARM.attributes
                0x00000137       0x33 .pio\build\bluepill_f103c8\libbfc\libBluePillHal.a(BluePillHal.o)
 .ARM.attributes
                0x0000016a       0x2d c:/users/labtel/.platformio/packages/toolchain-gccarmnoneeabi/bin/../lib/gcc/arm-none-eabi/7.2.1/../../../../arm-none-eabi/lib/thumb/v7-m\libc_nano.a(lib_a-init.o)
 .ARM.attributes
                0x00000197       0x1d c:/users/labtel/.platformio/packages/toolchain-gccarmnoneeabi/bin/../lib/gcc/arm-none-eabi/7.2.1/thumb/v7-m/crtn.o
OUTPUT(.pio\build\bluepill_f103c8\firmware.elf elf32-littlearm)

.debug_info     0x00000000     0x1736
 .debug_info    0x00000000      0x3e4 .pio\build\bluepill_f103c8\FrameworkCMSIS\system_stm32f1xx.o
 .debug_info    0x000003e4      0x29a .pio\build\bluepill_f103c8\src\main.o
 .debug_info    0x0000067e      0x2ee .pio\build\bluepill_f103c8\lib4fb\libMaquina.a(control_luz.o)
 .debug_info    0x0000096c      0x46e .pio\build\bluepill_f103c8\lib4fb\libMaquina.a(maquina.o)
 .debug_info    0x00000dda      0x95c .pio\build\bluepill_f103c8\libbfc\libBluePillHal.a(BluePillHal.o)

.debug_abbrev   0x00000000      0x895
 .debug_abbrev  0x00000000      0x131 .pio\build\bluepill_f103c8\FrameworkCMSIS\system_stm32f1xx.o
 .debug_abbrev  0x00000131      0x17c .pio\build\bluepill_f103c8\src\main.o
 .debug_abbrev  0x000002ad      0x127 .pio\build\bluepill_f103c8\lib4fb\libMaquina.a(control_luz.o)
 .debug_abbrev  0x000003d4      0x233 .pio\build\bluepill_f103c8\lib4fb\libMaquina.a(maquina.o)
 .debug_abbrev  0x00000607      0x28e .pio\build\bluepill_f103c8\libbfc\libBluePillHal.a(BluePillHal.o)

.debug_loc      0x00000000      0x77d
 .debug_loc     0x00000000       0xcd .pio\build\bluepill_f103c8\FrameworkCMSIS\system_stm32f1xx.o
 .debug_loc     0x000000cd       0x21 .pio\build\bluepill_f103c8\src\main.o
 .debug_loc     0x000000ee      0x253 .pio\build\bluepill_f103c8\lib4fb\libMaquina.a(control_luz.o)
 .debug_loc     0x00000341      0x229 .pio\build\bluepill_f103c8\lib4fb\libMaquina.a(maquina.o)
 .debug_loc     0x0000056a      0x213 .pio\build\bluepill_f103c8\libbfc\libBluePillHal.a(BluePillHal.o)

.debug_aranges  0x00000000      0x100
 .debug_aranges
                0x00000000       0x28 .pio\build\bluepill_f103c8\FrameworkCMSIS\system_stm32f1xx.o
 .debug_aranges
                0x00000028       0x30 .pio\build\bluepill_f103c8\src\main.o
 .debug_aranges
                0x00000058       0x30 .pio\build\bluepill_f103c8\lib4fb\libMaquina.a(control_luz.o)
 .debug_aranges
                0x00000088       0x30 .pio\build\bluepill_f103c8\lib4fb\libMaquina.a(maquina.o)
 .debug_aranges
                0x000000b8       0x48 .pio\build\bluepill_f103c8\libbfc\libBluePillHal.a(BluePillHal.o)

.debug_ranges   0x00000000      0x100
 .debug_ranges  0x00000000       0x18 .pio\build\bluepill_f103c8\FrameworkCMSIS\system_stm32f1xx.o
 .debug_ranges  0x00000018       0x20 .pio\build\bluepill_f103c8\src\main.o
 .debug_ranges  0x00000038       0x20 .pio\build\bluepill_f103c8\lib4fb\libMaquina.a(control_luz.o)
 .debug_ranges  0x00000058       0x58 .pio\build\bluepill_f103c8\lib4fb\libMaquina.a(maquina.o)
 .debug_ranges  0x000000b0       0x50 .pio\build\bluepill_f103c8\libbfc\libBluePillHal.a(BluePillHal.o)

.debug_line     0x00000000      0x71d
 .debug_line    0x00000000      0x26c .pio\build\bluepill_f103c8\FrameworkCMSIS\system_stm32f1xx.o
 .debug_line    0x0000026c       0xae .pio\build\bluepill_f103c8\src\main.o
 .debug_line    0x0000031a       0xba .pio\build\bluepill_f103c8\lib4fb\libMaquina.a(control_luz.o)
 .debug_line    0x000003d4       0xc7 .pio\build\bluepill_f103c8\lib4fb\libMaquina.a(maquina.o)
 .debug_line    0x0000049b      0x282 .pio\build\bluepill_f103c8\libbfc\libBluePillHal.a(BluePillHal.o)

.debug_str      0x00000000      0xa15
 .debug_str     0x00000000      0x297 .pio\build\bluepill_f103c8\FrameworkCMSIS\system_stm32f1xx.o
                                0x2ea (size before relaxing)
 .debug_str     0x00000297      0x13f .pio\build\bluepill_f103c8\src\main.o
                                0x292 (size before relaxing)
 .debug_str     0x000003d6       0xb3 .pio\build\bluepill_f103c8\lib4fb\libMaquina.a(control_luz.o)
                                0x28b (size before relaxing)
 .debug_str     0x00000489       0xb5 .pio\build\bluepill_f103c8\lib4fb\libMaquina.a(maquina.o)
                                0x2a8 (size before relaxing)
 .debug_str     0x0000053e      0x4d7 .pio\build\bluepill_f103c8\libbfc\libBluePillHal.a(BluePillHal.o)
                                0x752 (size before relaxing)

.comment        0x00000000       0x7e
 .comment       0x00000000       0x7e .pio\build\bluepill_f103c8\FrameworkCMSIS\system_stm32f1xx.o
                                 0x7f (size before relaxing)
 .comment       0x0000007e       0x7f .pio\build\bluepill_f103c8\src\main.o
 .comment       0x0000007e       0x7f .pio\build\bluepill_f103c8\lib4fb\libMaquina.a(control_luz.o)
 .comment       0x0000007e       0x7f .pio\build\bluepill_f103c8\lib4fb\libMaquina.a(maquina.o)
 .comment       0x0000007e       0x7f .pio\build\bluepill_f103c8\libbfc\libBluePillHal.a(BluePillHal.o)

.debug_frame    0x00000000      0x1ec
 .debug_frame   0x00000000       0x30 .pio\build\bluepill_f103c8\FrameworkCMSIS\system_stm32f1xx.o
 .debug_frame   0x00000030       0x58 .pio\build\bluepill_f103c8\src\main.o
 .debug_frame   0x00000088       0x60 .pio\build\bluepill_f103c8\lib4fb\libMaquina.a(control_luz.o)
 .debug_frame   0x000000e8       0x50 .pio\build\bluepill_f103c8\lib4fb\libMaquina.a(maquina.o)
 .debug_frame   0x00000138       0x88 .pio\build\bluepill_f103c8\libbfc\libBluePillHal.a(BluePillHal.o)
 .debug_frame   0x000001c0       0x2c c:/users/labtel/.platformio/packages/toolchain-gccarmnoneeabi/bin/../lib/gcc/arm-none-eabi/7.2.1/../../../../arm-none-eabi/lib/thumb/v7-m\libc_nano.a(lib_a-init.o)
