Archive member included to satisfy reference by file (symbol)

.pio\build\bluepill_f103c8\libbfc\libBluePillHal.a(BluePillHal.o)
                              .pio\build\bluepill_f103c8\src\main.o (BP_inicio)
.pio\build\bluepill_f103c8\lib4fb\libMaquina.a(control_luz.o)
                              .pio\build\bluepill_f103c8\src\main.o (ControladorLuz_init)
.pio\build\bluepill_f103c8\lib4fb\libMaquina.a(maquina.o)
                              .pio\build\bluepill_f103c8\src\main.o (Maquina_despacha)
c:/users/labtel/.platformio/packages/toolchain-gccarmnoneeabi/bin/../lib/gcc/arm-none-eabi/7.2.1/../../../../arm-none-eabi/lib/thumb/v7-m\libc_nano.a(lib_a-exit.o)
                              c:/users/labtel/.platformio/packages/toolchain-gccarmnoneeabi/bin/../lib/gcc/arm-none-eabi/7.2.1/../../../../arm-none-eabi/lib/thumb/v7-m/crt0.o (exit)
c:/users/labtel/.platformio/packages/toolchain-gccarmnoneeabi/bin/../lib/gcc/arm-none-eabi/7.2.1/../../../../arm-none-eabi/lib/thumb/v7-m\libc_nano.a(lib_a-impure.o)
                              c:/users/labtel/.platformio/packages/toolchain-gccarmnoneeabi/bin/../lib/gcc/arm-none-eabi/7.2.1/../../../../arm-none-eabi/lib/thumb/v7-m\libc_nano.a(lib_a-exit.o) (_global_impure_ptr)
c:/users/labtel/.platformio/packages/toolchain-gccarmnoneeabi/bin/../lib/gcc/arm-none-eabi/7.2.1/../../../../arm-none-eabi/lib/thumb/v7-m\libc_nano.a(lib_a-init.o)
                              c:/users/labtel/.platformio/packages/toolchain-gccarmnoneeabi/bin/../lib/gcc/arm-none-eabi/7.2.1/../../../../arm-none-eabi/lib/thumb/v7-m/crt0.o (__libc_init_array)
c:/users/labtel/.platformio/packages/toolchain-gccarmnoneeabi/bin/../lib/gcc/arm-none-eabi/7.2.1/../../../../arm-none-eabi/lib/thumb/v7-m\libc_nano.a(lib_a-memset.o)
                              c:/users/labtel/.platformio/packages/toolchain-gccarmnoneeabi/bin/../lib/gcc/arm-none-eabi/7.2.1/../../../../arm-none-eabi/lib/thumb/v7-m/crt0.o (memset)
c:/users/labtel/.platformio/packages/toolchain-gccarmnoneeabi/bin/../lib/gcc/arm-none-eabi/7.2.1/../../../../arm-none-eabi/lib/thumb/v7-m\libnosys.a(_exit.o)
                              c:/users/labtel/.platformio/packages/toolchain-gccarmnoneeabi/bin/../lib/gcc/arm-none-eabi/7.2.1/../../../../arm-none-eabi/lib/thumb/v7-m\libc_nano.a(lib_a-exit.o) (_exit)

Discarded input sections

 .text          0x00000000        0x0 c:/users/labtel/.platformio/packages/toolchain-gccarmnoneeabi/bin/../lib/gcc/arm-none-eabi/7.2.1/thumb/v7-m/crti.o
 .data          0x00000000        0x0 c:/users/labtel/.platformio/packages/toolchain-gccarmnoneeabi/bin/../lib/gcc/arm-none-eabi/7.2.1/thumb/v7-m/crti.o
 .bss           0x00000000        0x0 c:/users/labtel/.platformio/packages/toolchain-gccarmnoneeabi/bin/../lib/gcc/arm-none-eabi/7.2.1/thumb/v7-m/crti.o
 .data          0x00000000        0x4 c:/users/labtel/.platformio/packages/toolchain-gccarmnoneeabi/bin/../lib/gcc/arm-none-eabi/7.2.1/thumb/v7-m/crtbegin.o
 .text          0x00000000       0x74 c:/users/labtel/.platformio/packages/toolchain-gccarmnoneeabi/bin/../lib/gcc/arm-none-eabi/7.2.1/../../../../arm-none-eabi/lib/thumb/v7-m/crt0.o
 .data          0x00000000        0x0 c:/users/labtel/.platformio/packages/toolchain-gccarmnoneeabi/bin/../lib/gcc/arm-none-eabi/7.2.1/../../../../arm-none-eabi/lib/thumb/v7-m/crt0.o
 .bss           0x00000000        0x0 c:/users/labtel/.platformio/packages/toolchain-gccarmnoneeabi/bin/../lib/gcc/arm-none-eabi/7.2.1/../../../../arm-none-eabi/lib/thumb/v7-m/crt0.o
 .ARM.extab     0x00000000        0x0 c:/users/labtel/.platformio/packages/toolchain-gccarmnoneeabi/bin/../lib/gcc/arm-none-eabi/7.2.1/../../../../arm-none-eabi/lib/thumb/v7-m/crt0.o
 .ARM.exidx     0x00000000        0x8 c:/users/labtel/.platformio/packages/toolchain-gccarmnoneeabi/bin/../lib/gcc/arm-none-eabi/7.2.1/../../../../arm-none-eabi/lib/thumb/v7-m/crt0.o
 .ARM.attributes
                0x00000000       0x1b c:/users/labtel/.platformio/packages/toolchain-gccarmnoneeabi/bin/../lib/gcc/arm-none-eabi/7.2.1/../../../../arm-none-eabi/lib/thumb/v7-m/crt0.o
 .text          0x00000000       0x14 .pio\build\bluepill_f103c8\FrameworkCMSIS\gcc\startup_stm32f103xb.o
 .data          0x00000000        0x0 .pio\build\bluepill_f103c8\FrameworkCMSIS\gcc\startup_stm32f103xb.o
 .bss           0x00000000        0x0 .pio\build\bluepill_f103c8\FrameworkCMSIS\gcc\startup_stm32f103xb.o
 .text          0x00000000        0x0 .pio\build\bluepill_f103c8\FrameworkCMSIS\system_stm32f1xx.o
 .data          0x00000000        0x0 .pio\build\bluepill_f103c8\FrameworkCMSIS\system_stm32f1xx.o
 .bss           0x00000000        0x0 .pio\build\bluepill_f103c8\FrameworkCMSIS\system_stm32f1xx.o
 .rodata.APBPrescTable
                0x00000000        0x8 .pio\build\bluepill_f103c8\FrameworkCMSIS\system_stm32f1xx.o
 .text          0x00000000        0x0 .pio\build\bluepill_f103c8\src\main.o
 .data          0x00000000        0x0 .pio\build\bluepill_f103c8\src\main.o
 .bss           0x00000000        0x0 .pio\build\bluepill_f103c8\src\main.o
 .text.botonPresionado
                0x00000000       0x3c .pio\build\bluepill_f103c8\src\main.o
 .bss.ultimoCambio.4247
                0x00000000        0x4 .pio\build\bluepill_f103c8\src\main.o
 .bss.valorAnterior.4248
                0x00000000        0x1 .pio\build\bluepill_f103c8\src\main.o
 .text          0x00000000        0x0 .pio\build\bluepill_f103c8\libbfc\libBluePillHal.a(BluePillHal.o)
 .data          0x00000000        0x0 .pio\build\bluepill_f103c8\libbfc\libBluePillHal.a(BluePillHal.o)
 .bss           0x00000000        0x0 .pio\build\bluepill_f103c8\libbfc\libBluePillHal.a(BluePillHal.o)
 .text.BP_delay
                0x00000000       0x18 .pio\build\bluepill_f103c8\libbfc\libBluePillHal.a(BluePillHal.o)
 .text          0x00000000        0x0 .pio\build\bluepill_f103c8\lib4fb\libMaquina.a(control_luz.o)
 .data          0x00000000        0x0 .pio\build\bluepill_f103c8\lib4fb\libMaquina.a(control_luz.o)
 .bss           0x00000000        0x0 .pio\build\bluepill_f103c8\lib4fb\libMaquina.a(control_luz.o)
 .text          0x00000000        0x0 .pio\build\bluepill_f103c8\lib4fb\libMaquina.a(maquina.o)
 .data          0x00000000        0x0 .pio\build\bluepill_f103c8\lib4fb\libMaquina.a(maquina.o)
 .bss           0x00000000        0x0 .pio\build\bluepill_f103c8\lib4fb\libMaquina.a(maquina.o)
 .text          0x00000000        0x0 c:/users/labtel/.platformio/packages/toolchain-gccarmnoneeabi/bin/../lib/gcc/arm-none-eabi/7.2.1/../../../../arm-none-eabi/lib/thumb/v7-m\libc_nano.a(lib_a-exit.o)
 .data          0x00000000        0x0 c:/users/labtel/.platformio/packages/toolchain-gccarmnoneeabi/bin/../lib/gcc/arm-none-eabi/7.2.1/../../../../arm-none-eabi/lib/thumb/v7-m\libc_nano.a(lib_a-exit.o)
 .bss           0x00000000        0x0 c:/users/labtel/.platformio/packages/toolchain-gccarmnoneeabi/bin/../lib/gcc/arm-none-eabi/7.2.1/../../../../arm-none-eabi/lib/thumb/v7-m\libc_nano.a(lib_a-exit.o)
 .text.exit     0x00000000       0x28 c:/users/labtel/.platformio/packages/toolchain-gccarmnoneeabi/bin/../lib/gcc/arm-none-eabi/7.2.1/../../../../arm-none-eabi/lib/thumb/v7-m\libc_nano.a(lib_a-exit.o)
 .debug_frame   0x00000000       0x28 c:/users/labtel/.platformio/packages/toolchain-gccarmnoneeabi/bin/../lib/gcc/arm-none-eabi/7.2.1/../../../../arm-none-eabi/lib/thumb/v7-m\libc_nano.a(lib_a-exit.o)
 .ARM.attributes
                0x00000000       0x2d c:/users/labtel/.platformio/packages/toolchain-gccarmnoneeabi/bin/../lib/gcc/arm-none-eabi/7.2.1/../../../../arm-none-eabi/lib/thumb/v7-m\libc_nano.a(lib_a-exit.o)
 .text          0x00000000        0x0 c:/users/labtel/.platformio/packages/toolchain-gccarmnoneeabi/bin/../lib/gcc/arm-none-eabi/7.2.1/../../../../arm-none-eabi/lib/thumb/v7-m\libc_nano.a(lib_a-impure.o)
 .data          0x00000000        0x0 c:/users/labtel/.platformio/packages/toolchain-gccarmnoneeabi/bin/../lib/gcc/arm-none-eabi/7.2.1/../../../../arm-none-eabi/lib/thumb/v7-m\libc_nano.a(lib_a-impure.o)
 .bss           0x00000000        0x0 c:/users/labtel/.platformio/packages/toolchain-gccarmnoneeabi/bin/../lib/gcc/arm-none-eabi/7.2.1/../../../../arm-none-eabi/lib/thumb/v7-m\libc_nano.a(lib_a-impure.o)
 .data._impure_ptr
                0x00000000        0x4 c:/users/labtel/.platformio/packages/toolchain-gccarmnoneeabi/bin/../lib/gcc/arm-none-eabi/7.2.1/../../../../arm-none-eabi/lib/thumb/v7-m\libc_nano.a(lib_a-impure.o)
 .data.impure_data
                0x00000000       0x60 c:/users/labtel/.platformio/packages/toolchain-gccarmnoneeabi/bin/../lib/gcc/arm-none-eabi/7.2.1/../../../../arm-none-eabi/lib/thumb/v7-m\libc_nano.a(lib_a-impure.o)
 .rodata._global_impure_ptr
                0x00000000        0x4 c:/users/labtel/.platformio/packages/toolchain-gccarmnoneeabi/bin/../lib/gcc/arm-none-eabi/7.2.1/../../../../arm-none-eabi/lib/thumb/v7-m\libc_nano.a(lib_a-impure.o)
 .ARM.attributes
                0x00000000       0x2d c:/users/labtel/.platformio/packages/toolchain-gccarmnoneeabi/bin/../lib/gcc/arm-none-eabi/7.2.1/../../../../arm-none-eabi/lib/thumb/v7-m\libc_nano.a(lib_a-impure.o)
 .text          0x00000000        0x0 c:/users/labtel/.platformio/packages/toolchain-gccarmnoneeabi/bin/../lib/gcc/arm-none-eabi/7.2.1/../../../../arm-none-eabi/lib/thumb/v7-m\libc_nano.a(lib_a-init.o)
 .data          0x00000000        0x0 c:/users/labtel/.platformio/packages/toolchain-gccarmnoneeabi/bin/../lib/gcc/arm-none-eabi/7.2.1/../../../../arm-none-eabi/lib/thumb/v7-m\libc_nano.a(lib_a-init.o)
 .bss           0x00000000        0x0 c:/users/labtel/.platformio/packages/toolchain-gccarmnoneeabi/bin/../lib/gcc/arm-none-eabi/7.2.1/../../../../arm-none-eabi/lib/thumb/v7-m\libc_nano.a(lib_a-init.o)
 .text          0x00000000        0x0 c:/users/labtel/.platformio/packages/toolchain-gccarmnoneeabi/bin/../lib/gcc/arm-none-eabi/7.2.1/../../../../arm-none-eabi/lib/thumb/v7-m\libc_nano.a(lib_a-memset.o)
 .data          0x00000000        0x0 c:/users/labtel/.platformio/packages/toolchain-gccarmnoneeabi/bin/../lib/gcc/arm-none-eabi/7.2.1/../../../../arm-none-eabi/lib/thumb/v7-m\libc_nano.a(lib_a-memset.o)
 .bss           0x00000000        0x0 c:/users/labtel/.platformio/packages/toolchain-gccarmnoneeabi/bin/../lib/gcc/arm-none-eabi/7.2.1/../../../../arm-none-eabi/lib/thumb/v7-m\libc_nano.a(lib_a-memset.o)
 .text.memset   0x00000000       0x10 c:/users/labtel/.platformio/packages/toolchain-gccarmnoneeabi/bin/../lib/gcc/arm-none-eabi/7.2.1/../../../../arm-none-eabi/lib/thumb/v7-m\libc_nano.a(lib_a-memset.o)
 .debug_frame   0x00000000       0x20 c:/users/labtel/.platformio/packages/toolchain-gccarmnoneeabi/bin/../lib/gcc/arm-none-eabi/7.2.1/../../../../arm-none-eabi/lib/thumb/v7-m\libc_nano.a(lib_a-memset.o)
 .ARM.attributes
                0x00000000       0x2d c:/users/labtel/.platformio/packages/toolchain-gccarmnoneeabi/bin/../lib/gcc/arm-none-eabi/7.2.1/../../../../arm-none-eabi/lib/thumb/v7-m\libc_nano.a(lib_a-memset.o)
 .text          0x00000000        0x0 c:/users/labtel/.platformio/packages/toolchain-gccarmnoneeabi/bin/../lib/gcc/arm-none-eabi/7.2.1/../../../../arm-none-eabi/lib/thumb/v7-m\libnosys.a(_exit.o)
 .data          0x00000000        0x0 c:/users/labtel/.platformio/packages/toolchain-gccarmnoneeabi/bin/../lib/gcc/arm-none-eabi/7.2.1/../../../../arm-none-eabi/lib/thumb/v7-m\libnosys.a(_exit.o)
 .bss           0x00000000        0x0 c:/users/labtel/.platformio/packages/toolchain-gccarmnoneeabi/bin/../lib/gcc/arm-none-eabi/7.2.1/../../../../arm-none-eabi/lib/thumb/v7-m\libnosys.a(_exit.o)
 .text._exit    0x00000000        0x4 c:/users/labtel/.platformio/packages/toolchain-gccarmnoneeabi/bin/../lib/gcc/arm-none-eabi/7.2.1/../../../../arm-none-eabi/lib/thumb/v7-m\libnosys.a(_exit.o)
 .debug_frame   0x00000000       0x20 c:/users/labtel/.platformio/packages/toolchain-gccarmnoneeabi/bin/../lib/gcc/arm-none-eabi/7.2.1/../../../../arm-none-eabi/lib/thumb/v7-m\libnosys.a(_exit.o)
 .ARM.attributes
                0x00000000       0x2d c:/users/labtel/.platformio/packages/toolchain-gccarmnoneeabi/bin/../lib/gcc/arm-none-eabi/7.2.1/../../../../arm-none-eabi/lib/thumb/v7-m\libnosys.a(_exit.o)
 .text          0x00000000        0x0 c:/users/labtel/.platformio/packages/toolchain-gccarmnoneeabi/bin/../lib/gcc/arm-none-eabi/7.2.1/thumb/v7-m/crtend.o
 .data          0x00000000        0x0 c:/users/labtel/.platformio/packages/toolchain-gccarmnoneeabi/bin/../lib/gcc/arm-none-eabi/7.2.1/thumb/v7-m/crtend.o
 .bss           0x00000000        0x0 c:/users/labtel/.platformio/packages/toolchain-gccarmnoneeabi/bin/../lib/gcc/arm-none-eabi/7.2.1/thumb/v7-m/crtend.o
 .eh_frame      0x00000000        0x4 c:/users/labtel/.platformio/packages/toolchain-gccarmnoneeabi/bin/../lib/gcc/arm-none-eabi/7.2.1/thumb/v7-m/crtend.o
 .ARM.attributes
                0x00000000       0x2d c:/users/labtel/.platformio/packages/toolchain-gccarmnoneeabi/bin/../lib/gcc/arm-none-eabi/7.2.1/thumb/v7-m/crtend.o
 .text          0x00000000        0x0 c:/users/labtel/.platformio/packages/toolchain-gccarmnoneeabi/bin/../lib/gcc/arm-none-eabi/7.2.1/thumb/v7-m/crtn.o
 .data          0x00000000        0x0 c:/users/labtel/.platformio/packages/toolchain-gccarmnoneeabi/bin/../lib/gcc/arm-none-eabi/7.2.1/thumb/v7-m/crtn.o
 .bss           0x00000000        0x0 c:/users/labtel/.platformio/packages/toolchain-gccarmnoneeabi/bin/../lib/gcc/arm-none-eabi/7.2.1/thumb/v7-m/crtn.o

Memory Configuration

Name             Origin             Length             Attributes
RAM              0x20000000         0x00005000         xrw
FLASH            0x08000000         0x00010000         xr
*default*        0x00000000         0xffffffff

Linker script and memory map

LOAD c:/users/labtel/.platformio/packages/toolchain-gccarmnoneeabi/bin/../lib/gcc/arm-none-eabi/7.2.1/thumb/v7-m/crti.o
LOAD c:/users/labtel/.platformio/packages/toolchain-gccarmnoneeabi/bin/../lib/gcc/arm-none-eabi/7.2.1/thumb/v7-m/crtbegin.o
LOAD c:/users/labtel/.platformio/packages/toolchain-gccarmnoneeabi/bin/../lib/gcc/arm-none-eabi/7.2.1/../../../../arm-none-eabi/lib/thumb/v7-m/crt0.o
LOAD .pio\build\bluepill_f103c8\FrameworkCMSIS\gcc\startup_stm32f103xb.o
LOAD .pio\build\bluepill_f103c8\FrameworkCMSIS\system_stm32f1xx.o
LOAD .pio\build\bluepill_f103c8\src\main.o
START GROUP
LOAD .pio\build\bluepill_f103c8\libbfc\libBluePillHal.a
LOAD .pio\build\bluepill_f103c8\lib4fb\libMaquina.a
LOAD c:/users/labtel/.platformio/packages/toolchain-gccarmnoneeabi/bin/../lib/gcc/arm-none-eabi/7.2.1/../../../../arm-none-eabi/lib/thumb/v7-m\libc_nano.a
LOAD c:/users/labtel/.platformio/packages/toolchain-gccarmnoneeabi/bin/../lib/gcc/arm-none-eabi/7.2.1/thumb/v7-m\libgcc.a
LOAD c:/users/labtel/.platformio/packages/toolchain-gccarmnoneeabi/bin/../lib/gcc/arm-none-eabi/7.2.1/../../../../arm-none-eabi/lib/thumb/v7-m\libm.a
LOAD c:/users/labtel/.platformio/packages/toolchain-gccarmnoneeabi/bin/../lib/gcc/arm-none-eabi/7.2.1/../../../../arm-none-eabi/lib/thumb/v7-m\libstdc++_nano.a
END GROUP
START GROUP
LOAD c:/users/labtel/.platformio/packages/toolchain-gccarmnoneeabi/bin/../lib/gcc/arm-none-eabi/7.2.1/thumb/v7-m\libgcc.a
LOAD c:/users/labtel/.platformio/packages/toolchain-gccarmnoneeabi/bin/../lib/gcc/arm-none-eabi/7.2.1/../../../../arm-none-eabi/lib/thumb/v7-m\libc_nano.a
END GROUP
START GROUP
LOAD c:/users/labtel/.platformio/packages/toolchain-gccarmnoneeabi/bin/../lib/gcc/arm-none-eabi/7.2.1/thumb/v7-m\libgcc.a
LOAD c:/users/labtel/.platformio/packages/toolchain-gccarmnoneeabi/bin/../lib/gcc/arm-none-eabi/7.2.1/../../../../arm-none-eabi/lib/thumb/v7-m\libc_nano.a
LOAD c:/users/labtel/.platformio/packages/toolchain-gccarmnoneeabi/bin/../lib/gcc/arm-none-eabi/7.2.1/../../../../arm-none-eabi/lib/thumb/v7-m\libnosys.a
END GROUP
START GROUP
LOAD c:/users/labtel/.platformio/packages/toolchain-gccarmnoneeabi/bin/../lib/gcc/arm-none-eabi/7.2.1/thumb/v7-m\libgcc.a
LOAD c:/users/labtel/.platformio/packages/toolchain-gccarmnoneeabi/bin/../lib/gcc/arm-none-eabi/7.2.1/../../../../arm-none-eabi/lib/thumb/v7-m\libc_nano.a
LOAD c:/users/labtel/.platformio/packages/toolchain-gccarmnoneeabi/bin/../lib/gcc/arm-none-eabi/7.2.1/../../../../arm-none-eabi/lib/thumb/v7-m\libnosys.a
END GROUP
LOAD c:/users/labtel/.platformio/packages/toolchain-gccarmnoneeabi/bin/../lib/gcc/arm-none-eabi/7.2.1/thumb/v7-m/crtend.o
LOAD c:/users/labtel/.platformio/packages/toolchain-gccarmnoneeabi/bin/../lib/gcc/arm-none-eabi/7.2.1/thumb/v7-m/crtn.o
                0x20005000                _estack = (ORIGIN (RAM) + LENGTH (RAM))
                0x00000200                _Min_Heap_Size = 0x200
                0x00000400                _Min_Stack_Size = 0x400

.isr_vector     0x08000000      0x10c
                0x08000000                . = ALIGN (0x4)
 *(.isr_vector)
 .isr_vector    0x08000000      0x10c .pio\build\bluepill_f103c8\FrameworkCMSIS\gcc\startup_stm32f103xb.o
                0x08000000                g_pfnVectors
                0x0800010c                . = ALIGN (0x4)

.text           0x0800010c      0x500
                0x0800010c                . = ALIGN (0x4)
 *(.text)
 .text          0x0800010c       0x40 c:/users/labtel/.platformio/packages/toolchain-gccarmnoneeabi/bin/../lib/gcc/arm-none-eabi/7.2.1/thumb/v7-m/crtbegin.o
 *(.text*)
 .text.Reset_Handler
                0x0800014c       0x48 .pio\build\bluepill_f103c8\FrameworkCMSIS\gcc\startup_stm32f103xb.o
                0x0800014c                Reset_Handler
 .text.Default_Handler
                0x08000194        0x2 .pio\build\bluepill_f103c8\FrameworkCMSIS\gcc\startup_stm32f103xb.o
                0x08000194                RTC_Alarm_IRQHandler
                0x08000194                EXTI2_IRQHandler
                0x08000194                DebugMon_Handler
                0x08000194                TIM1_CC_IRQHandler
                0x08000194                HardFault_Handler
                0x08000194                PVD_IRQHandler
                0x08000194                PendSV_Handler
                0x08000194                NMI_Handler
                0x08000194                EXTI3_IRQHandler
                0x08000194                EXTI0_IRQHandler
                0x08000194                I2C2_EV_IRQHandler
                0x08000194                UsageFault_Handler
                0x08000194                ADC1_2_IRQHandler
                0x08000194                SPI1_IRQHandler
                0x08000194                TAMPER_IRQHandler
                0x08000194                DMA1_Channel4_IRQHandler
                0x08000194                USART3_IRQHandler
                0x08000194                RTC_IRQHandler
                0x08000194                DMA1_Channel7_IRQHandler
                0x08000194                CAN1_RX1_IRQHandler
                0x08000194                TIM4_IRQHandler
                0x08000194                I2C1_EV_IRQHandler
                0x08000194                DMA1_Channel6_IRQHandler
                0x08000194                TIM3_IRQHandler
                0x08000194                RCC_IRQHandler
                0x08000194                TIM1_TRG_COM_IRQHandler
                0x08000194                DMA1_Channel1_IRQHandler
                0x08000194                Default_Handler
                0x08000194                EXTI15_10_IRQHandler
                0x08000194                EXTI9_5_IRQHandler
                0x08000194                SPI2_IRQHandler
                0x08000194                MemManage_Handler
                0x08000194                SVC_Handler
                0x08000194                DMA1_Channel5_IRQHandler
                0x08000194                EXTI4_IRQHandler
                0x08000194                USB_LP_CAN1_RX0_IRQHandler
                0x08000194                USB_HP_CAN1_TX_IRQHandler
                0x08000194                DMA1_Channel3_IRQHandler
                0x08000194                TIM1_UP_IRQHandler
                0x08000194                WWDG_IRQHandler
                0x08000194                TIM2_IRQHandler
                0x08000194                TIM1_BRK_IRQHandler
                0x08000194                EXTI1_IRQHandler
                0x08000194                USART2_IRQHandler
                0x08000194                I2C2_ER_IRQHandler
                0x08000194                DMA1_Channel2_IRQHandler
                0x08000194                CAN1_SCE_IRQHandler
                0x08000194                FLASH_IRQHandler
                0x08000194                BusFault_Handler
                0x08000194                USART1_IRQHandler
                0x08000194                I2C1_ER_IRQHandler
                0x08000194                USBWakeUp_IRQHandler
 *fill*         0x08000196        0x2 
 .text.SystemInit
                0x08000198       0x4c .pio\build\bluepill_f103c8\FrameworkCMSIS\system_stm32f1xx.o
                0x08000198                SystemInit
 .text.SystemCoreClockUpdate
                0x080001e4       0x58 .pio\build\bluepill_f103c8\FrameworkCMSIS\system_stm32f1xx.o
                0x080001e4                SystemCoreClockUpdate
 .text.procesaAntirreboteBoton
                0x0800023c       0x50 .pio\build\bluepill_f103c8\src\main.o
 .text.luzOn    0x0800028c        0x8 .pio\build\bluepill_f103c8\src\main.o
                0x0800028c                luzOn
 .text.luzOff   0x08000294        0x8 .pio\build\bluepill_f103c8\src\main.o
                0x08000294                luzOff
 .text.setTimeoutLuz
                0x0800029c       0x10 .pio\build\bluepill_f103c8\src\main.o
                0x0800029c                setTimeoutLuz
 .text.setTimeoutBoton
                0x080002ac       0x10 .pio\build\bluepill_f103c8\src\main.o
                0x080002ac                setTimeoutBoton
 .text.startup.main
                0x080002bc       0x78 .pio\build\bluepill_f103c8\src\main.o
                0x080002bc                main
 .text.BP_inicio
                0x08000334       0x3c .pio\build\bluepill_f103c8\libbfc\libBluePillHal.a(BluePillHal.o)
                0x08000334                BP_inicio
 .text.BP_Pin_read
                0x08000370       0x20 .pio\build\bluepill_f103c8\libbfc\libBluePillHal.a(BluePillHal.o)
                0x08000370                BP_Pin_read
 .text.BP_Pin_mode
                0x08000390       0x7c .pio\build\bluepill_f103c8\libbfc\libBluePillHal.a(BluePillHal.o)
                0x08000390                BP_Pin_mode
 .text.BP_Pin_set
                0x0800040c       0x20 .pio\build\bluepill_f103c8\libbfc\libBluePillHal.a(BluePillHal.o)
                0x0800040c                BP_Pin_set
 .text.SysTick_Handler
                0x0800042c       0x10 .pio\build\bluepill_f103c8\libbfc\libBluePillHal.a(BluePillHal.o)
                0x0800042c                SysTick_Handler
 .text.getTicks
                0x0800043c        0xc .pio\build\bluepill_f103c8\libbfc\libBluePillHal.a(BluePillHal.o)
                0x0800043c                getTicks
 .text.Estado_apagado
                0x08000448       0x3c .pio\build\bluepill_f103c8\lib4fb\libMaquina.a(control_luz.o)
 .text.Estado_encendido
                0x08000484       0x48 .pio\build\bluepill_f103c8\lib4fb\libMaquina.a(control_luz.o)
 .text.Estado_mudanza
                0x080004cc       0x48 .pio\build\bluepill_f103c8\lib4fb\libMaquina.a(control_luz.o)
 .text.ControladorLuz_init
                0x08000514       0x1c .pio\build\bluepill_f103c8\lib4fb\libMaquina.a(control_luz.o)
                0x08000514                ControladorLuz_init
 .text.Maquina_despacha
                0x08000530       0x24 .pio\build\bluepill_f103c8\lib4fb\libMaquina.a(maquina.o)
                0x08000530                Maquina_despacha
 .text.Maquina_init
                0x08000554       0x10 .pio\build\bluepill_f103c8\lib4fb\libMaquina.a(maquina.o)
                0x08000554                Maquina_init
 .text.Maquina_procesa
                0x08000564       0x46 .pio\build\bluepill_f103c8\lib4fb\libMaquina.a(maquina.o)
                0x08000564                Maquina_procesa
 *fill*         0x080005aa        0x2 
 .text.__libc_init_array
                0x080005ac       0x48 c:/users/labtel/.platformio/packages/toolchain-gccarmnoneeabi/bin/../lib/gcc/arm-none-eabi/7.2.1/../../../../arm-none-eabi/lib/thumb/v7-m\libc_nano.a(lib_a-init.o)
                0x080005ac                __libc_init_array
 *(.glue_7)
 .glue_7        0x080005f4        0x0 linker stubs
 *(.glue_7t)
 .glue_7t       0x080005f4        0x0 linker stubs
 *(.eh_frame)
 .eh_frame      0x080005f4        0x0 c:/users/labtel/.platformio/packages/toolchain-gccarmnoneeabi/bin/../lib/gcc/arm-none-eabi/7.2.1/thumb/v7-m/crtbegin.o
 *(.init)
 .init          0x080005f4        0x4 c:/users/labtel/.platformio/packages/toolchain-gccarmnoneeabi/bin/../lib/gcc/arm-none-eabi/7.2.1/thumb/v7-m/crti.o
                0x080005f4                _init
 .init          0x080005f8        0x8 c:/users/labtel/.platformio/packages/toolchain-gccarmnoneeabi/bin/../lib/gcc/arm-none-eabi/7.2.1/thumb/v7-m/crtn.o
 *(.fini)
 .fini          0x08000600        0x4 c:/users/labtel/.platformio/packages/toolchain-gccarmnoneeabi/bin/../lib/gcc/arm-none-eabi/7.2.1/thumb/v7-m/crti.o
                0x08000600                _fini
 .fini          0x08000604        0x8 c:/users/labtel/.platformio/packages/toolchain-gccarmnoneeabi/bin/../lib/gcc/arm-none-eabi/7.2.1/thumb/v7-m/crtn.o
                0x0800060c                . = ALIGN (0x4)
                0x0800060c                _etext = .

.vfp11_veneer   0x0800060c        0x0
 .vfp11_veneer  0x0800060c        0x0 linker stubs

.v4_bx          0x0800060c        0x0
 .v4_bx         0x0800060c        0x0 linker stubs

.iplt           0x0800060c        0x0
 .iplt          0x0800060c        0x0 c:/users/labtel/.platformio/packages/toolchain-gccarmnoneeabi/bin/../lib/gcc/arm-none-eabi/7.2.1/thumb/v7-m/crtbegin.o

.rodata         0x0800060c       0x88
                0x0800060c                . = ALIGN (0x4)
 *(.rodata)
 *(.rodata*)
 .rodata.AHBPrescTable
                0x0800060c       0x10 .pio\build\bluepill_f103c8\FrameworkCMSIS\system_stm32f1xx.o
                0x0800060c                AHBPrescTable
 .rodata.pines  0x0800061c       0x78 .pio\build\bluepill_f103c8\libbfc\libBluePillHal.a(BluePillHal.o)
                0x08000694                . = ALIGN (0x4)

.rel.dyn        0x08000694        0x0
 .rel.iplt      0x08000694        0x0 c:/users/labtel/.platformio/packages/toolchain-gccarmnoneeabi/bin/../lib/gcc/arm-none-eabi/7.2.1/thumb/v7-m/crtbegin.o

.ARM.extab      0x08000694        0x0
                0x08000694                . = ALIGN (0x4)
 *(.ARM.extab* .gnu.linkonce.armextab.*)
                0x08000694                . = ALIGN (0x4)

.ARM            0x08000694        0x0
                0x08000694                . = ALIGN (0x4)
                0x08000694                __exidx_start = .
 *(.ARM.exidx*)
                0x08000694                __exidx_end = .
                0x08000694                . = ALIGN (0x4)

.preinit_array  0x08000694        0x0
                0x08000694                . = ALIGN (0x4)
                0x08000694                PROVIDE (__preinit_array_start, .)
 *(.preinit_array*)
                0x08000694                PROVIDE (__preinit_array_end, .)
                0x08000694                . = ALIGN (0x4)

.init_array     0x08000694        0x4
                0x08000694                . = ALIGN (0x4)
                0x08000694                PROVIDE (__init_array_start, .)
 *(SORT_BY_NAME(.init_array.*))
 *(.init_array*)
 .init_array    0x08000694        0x4 c:/users/labtel/.platformio/packages/toolchain-gccarmnoneeabi/bin/../lib/gcc/arm-none-eabi/7.2.1/thumb/v7-m/crtbegin.o
                0x08000698                PROVIDE (__init_array_end, .)
                0x08000698                . = ALIGN (0x4)

.fini_array     0x08000698        0x4
                0x08000698                . = ALIGN (0x4)
                [!provide]                PROVIDE (__fini_array_start, .)
 *(SORT_BY_NAME(.fini_array.*))
 *(.fini_array*)
 .fini_array    0x08000698        0x4 c:/users/labtel/.platformio/packages/toolchain-gccarmnoneeabi/bin/../lib/gcc/arm-none-eabi/7.2.1/thumb/v7-m/crtbegin.o
                [!provide]                PROVIDE (__fini_array_end, .)
                0x0800069c                . = ALIGN (0x4)
                0x0800069c                _sidata = LOADADDR (.data)

.data           0x20000000        0x4 load address 0x0800069c
                0x20000000                . = ALIGN (0x4)
                0x20000000                _sdata = .
 *(.data)
 *(.data*)
 .data.SystemCoreClock
                0x20000000        0x4 .pio\build\bluepill_f103c8\FrameworkCMSIS\system_stm32f1xx.o
                0x20000000                SystemCoreClock
 *(.RamFunc)
 *(.RamFunc*)
                0x20000004                . = ALIGN (0x4)
                0x20000004                _edata = .

.igot.plt       0x20000004        0x0 load address 0x080006a0
 .igot.plt      0x20000004        0x0 c:/users/labtel/.platformio/packages/toolchain-gccarmnoneeabi/bin/../lib/gcc/arm-none-eabi/7.2.1/thumb/v7-m/crtbegin.o
                0x20000004                . = ALIGN (0x4)

.bss            0x20000004       0x8c load address 0x080006a0
                0x20000004                _sbss = .
                0x20000004                __bss_start__ = _sbss
 *(.bss)
 .bss           0x20000004       0x1c c:/users/labtel/.platformio/packages/toolchain-gccarmnoneeabi/bin/../lib/gcc/arm-none-eabi/7.2.1/thumb/v7-m/crtbegin.o
 *(.bss*)
 .bss.contador.4258
                0x20000020        0x1 .pio\build\bluepill_f103c8\src\main.o
 .bss.estado.4257
                0x20000021        0x1 .pio\build\bluepill_f103c8\src\main.o
 *fill*         0x20000022        0x2 
 .bss.implControlador.4268
                0x20000024       0x64 .pio\build\bluepill_f103c8\src\main.o
 .bss.t0.4256   0x20000088        0x4 .pio\build\bluepill_f103c8\src\main.o
 .bss.ticks     0x2000008c        0x4 .pio\build\bluepill_f103c8\libbfc\libBluePillHal.a(BluePillHal.o)
 *(COMMON)
                0x20000090                . = ALIGN (0x4)
                0x20000090                _ebss = .
                0x20000090                __bss_end__ = _ebss

._user_heap_stack
                0x20000090      0x600 load address 0x080006a0
                0x20000090                . = ALIGN (0x8)
                [!provide]                PROVIDE (end, .)
                [!provide]                PROVIDE (_end, .)
                0x20000290                . = (. + _Min_Heap_Size)
 *fill*         0x20000090      0x200 
                0x20000690                . = (. + _Min_Stack_Size)
 *fill*         0x20000290      0x400 
                0x20000690                . = ALIGN (0x8)

/DISCARD/
 libc.a(*)
 libm.a(*)
 libgcc.a(*)

.ARM.attributes
                0x00000000       0x29
 *(.ARM.attributes)
 .ARM.attributes
                0x00000000       0x1d c:/users/labtel/.platformio/packages/toolchain-gccarmnoneeabi/bin/../lib/gcc/arm-none-eabi/7.2.1/thumb/v7-m/crti.o
 .ARM.attributes
                0x0000001d       0x2d c:/users/labtel/.platformio/packages/toolchain-gccarmnoneeabi/bin/../lib/gcc/arm-none-eabi/7.2.1/thumb/v7-m/crtbegin.o
 .ARM.attributes
                0x0000004a       0x21 .pio\build\bluepill_f103c8\FrameworkCMSIS\gcc\startup_stm32f103xb.o
 .ARM.attributes
                0x0000006b       0x33 .pio\build\bluepill_f103c8\FrameworkCMSIS\system_stm32f1xx.o
 .ARM.attributes
                0x0000009e       0x33 .pio\build\bluepill_f103c8\src\main.o
 .ARM.attributes
                0x000000d1       0x33 .pio\build\bluepill_f103c8\libbfc\libBluePillHal.a(BluePillHal.o)
 .ARM.attributes
                0x00000104       0x33 .pio\build\bluepill_f103c8\lib4fb\libMaquina.a(control_luz.o)
 .ARM.attributes
                0x00000137       0x33 .pio\build\bluepill_f103c8\lib4fb\libMaquina.a(maquina.o)
 .ARM.attributes
                0x0000016a       0x2d c:/users/labtel/.platformio/packages/toolchain-gccarmnoneeabi/bin/../lib/gcc/arm-none-eabi/7.2.1/../../../../arm-none-eabi/lib/thumb/v7-m\libc_nano.a(lib_a-init.o)
 .ARM.attributes
                0x00000197       0x1d c:/users/labtel/.platformio/packages/toolchain-gccarmnoneeabi/bin/../lib/gcc/arm-none-eabi/7.2.1/thumb/v7-m/crtn.o
OUTPUT(.pio\build\bluepill_f103c8\firmware.elf elf32-littlearm)

.debug_info     0x00000000     0x1d29
 .debug_info    0x00000000      0x3e4 .pio\build\bluepill_f103c8\FrameworkCMSIS\system_stm32f1xx.o
 .debug_info    0x000003e4      0x628 .pio\build\bluepill_f103c8\src\main.o
 .debug_info    0x00000a0c      0x9d7 .pio\build\bluepill_f103c8\libbfc\libBluePillHal.a(BluePillHal.o)
 .debug_info    0x000013e3      0x484 .pio\build\bluepill_f103c8\lib4fb\libMaquina.a(control_luz.o)
 .debug_info    0x00001867      0x4c2 .pio\build\bluepill_f103c8\lib4fb\libMaquina.a(maquina.o)

.debug_abbrev   0x00000000      0x984
 .debug_abbrev  0x00000000      0x131 .pio\build\bluepill_f103c8\FrameworkCMSIS\system_stm32f1xx.o
 .debug_abbrev  0x00000131      0x23a .pio\build\bluepill_f103c8\src\main.o
 .debug_abbrev  0x0000036b      0x2a8 .pio\build\bluepill_f103c8\libbfc\libBluePillHal.a(BluePillHal.o)
 .debug_abbrev  0x00000613      0x148 .pio\build\bluepill_f103c8\lib4fb\libMaquina.a(control_luz.o)
 .debug_abbrev  0x0000075b      0x229 .pio\build\bluepill_f103c8\lib4fb\libMaquina.a(maquina.o)

.debug_loc      0x00000000      0x9e4
 .debug_loc     0x00000000       0xcd .pio\build\bluepill_f103c8\FrameworkCMSIS\system_stm32f1xx.o
 .debug_loc     0x000000cd      0x119 .pio\build\bluepill_f103c8\src\main.o
 .debug_loc     0x000001e6      0x213 .pio\build\bluepill_f103c8\libbfc\libBluePillHal.a(BluePillHal.o)
 .debug_loc     0x000003f9      0x3f2 .pio\build\bluepill_f103c8\lib4fb\libMaquina.a(control_luz.o)
 .debug_loc     0x000007eb      0x1f9 .pio\build\bluepill_f103c8\lib4fb\libMaquina.a(maquina.o)

.debug_aranges  0x00000000      0x130
 .debug_aranges
                0x00000000       0x28 .pio\build\bluepill_f103c8\FrameworkCMSIS\system_stm32f1xx.o
 .debug_aranges
                0x00000028       0x50 .pio\build\bluepill_f103c8\src\main.o
 .debug_aranges
                0x00000078       0x50 .pio\build\bluepill_f103c8\libbfc\libBluePillHal.a(BluePillHal.o)
 .debug_aranges
                0x000000c8       0x38 .pio\build\bluepill_f103c8\lib4fb\libMaquina.a(control_luz.o)
 .debug_aranges
                0x00000100       0x30 .pio\build\bluepill_f103c8\lib4fb\libMaquina.a(maquina.o)

.debug_ranges   0x00000000      0x118
 .debug_ranges  0x00000000       0x18 .pio\build\bluepill_f103c8\FrameworkCMSIS\system_stm32f1xx.o
 .debug_ranges  0x00000018       0x40 .pio\build\bluepill_f103c8\src\main.o
 .debug_ranges  0x00000058       0x58 .pio\build\bluepill_f103c8\libbfc\libBluePillHal.a(BluePillHal.o)
 .debug_ranges  0x000000b0       0x28 .pio\build\bluepill_f103c8\lib4fb\libMaquina.a(control_luz.o)
 .debug_ranges  0x000000d8       0x40 .pio\build\bluepill_f103c8\lib4fb\libMaquina.a(maquina.o)

.debug_line     0x00000000      0xa99
 .debug_line    0x00000000      0x26c .pio\build\bluepill_f103c8\FrameworkCMSIS\system_stm32f1xx.o
 .debug_line    0x0000026c      0x206 .pio\build\bluepill_f103c8\src\main.o
 .debug_line    0x00000472      0x2ae .pio\build\bluepill_f103c8\libbfc\libBluePillHal.a(BluePillHal.o)
 .debug_line    0x00000720      0x112 .pio\build\bluepill_f103c8\lib4fb\libMaquina.a(control_luz.o)
 .debug_line    0x00000832      0x267 .pio\build\bluepill_f103c8\lib4fb\libMaquina.a(maquina.o)

.debug_str      0x00000000      0xb53
 .debug_str     0x00000000      0x297 .pio\build\bluepill_f103c8\FrameworkCMSIS\system_stm32f1xx.o
                                0x2ea (size before relaxing)
 .debug_str     0x00000297      0x27a .pio\build\bluepill_f103c8\src\main.o
                                0x3ea (size before relaxing)
 .debug_str     0x00000511      0x4a8 .pio\build\bluepill_f103c8\libbfc\libBluePillHal.a(BluePillHal.o)
                                0x785 (size before relaxing)
 .debug_str     0x000009b9       0xca .pio\build\bluepill_f103c8\lib4fb\libMaquina.a(control_luz.o)
                                0x362 (size before relaxing)
 .debug_str     0x00000a83       0xd0 .pio\build\bluepill_f103c8\lib4fb\libMaquina.a(maquina.o)
                                0x391 (size before relaxing)

.comment        0x00000000       0x7e
 .comment       0x00000000       0x7e .pio\build\bluepill_f103c8\FrameworkCMSIS\system_stm32f1xx.o
                                 0x7f (size before relaxing)
 .comment       0x0000007e       0x7f .pio\build\bluepill_f103c8\src\main.o
 .comment       0x0000007e       0x7f .pio\build\bluepill_f103c8\libbfc\libBluePillHal.a(BluePillHal.o)
 .comment       0x0000007e       0x7f .pio\build\bluepill_f103c8\lib4fb\libMaquina.a(control_luz.o)
 .comment       0x0000007e       0x7f .pio\build\bluepill_f103c8\lib4fb\libMaquina.a(maquina.o)

.debug_frame    0x00000000      0x278
 .debug_frame   0x00000000       0x30 .pio\build\bluepill_f103c8\FrameworkCMSIS\system_stm32f1xx.o
 .debug_frame   0x00000030       0xb4 .pio\build\bluepill_f103c8\src\main.o
 .debug_frame   0x000000e4       0x98 .pio\build\bluepill_f103c8\libbfc\libBluePillHal.a(BluePillHal.o)
 .debug_frame   0x0000017c       0x80 .pio\build\bluepill_f103c8\lib4fb\libMaquina.a(control_luz.o)
 .debug_frame   0x000001fc       0x50 .pio\build\bluepill_f103c8\lib4fb\libMaquina.a(maquina.o)
 .debug_frame   0x0000024c       0x2c c:/users/labtel/.platformio/packages/toolchain-gccarmnoneeabi/bin/../lib/gcc/arm-none-eabi/7.2.1/../../../../arm-none-eabi/lib/thumb/v7-m\libc_nano.a(lib_a-init.o)
